Archive member included to satisfy reference by file (symbol)

/opt/st/stm32cubeide_1.8.0/plugins/com.st.stm32cube.ide.mcu.externaltools.gnu-tools-for-stm32.9-2020-q2-update.linux64_2.0.0.202105311346/tools/bin/../lib/gcc/arm-none-eabi/9.3.1/../../../../arm-none-eabi/lib/thumb/v7e-m+fp/hard/libc.a(lib_a-errno.o)
                              ./Core/Src/syscalls.o (__errno)
/opt/st/stm32cubeide_1.8.0/plugins/com.st.stm32cube.ide.mcu.externaltools.gnu-tools-for-stm32.9-2020-q2-update.linux64_2.0.0.202105311346/tools/bin/../lib/gcc/arm-none-eabi/9.3.1/../../../../arm-none-eabi/lib/thumb/v7e-m+fp/hard/libc.a(lib_a-exit.o)
                              /opt/st/stm32cubeide_1.8.0/plugins/com.st.stm32cube.ide.mcu.externaltools.gnu-tools-for-stm32.9-2020-q2-update.linux64_2.0.0.202105311346/tools/bin/../lib/gcc/arm-none-eabi/9.3.1/../../../../arm-none-eabi/lib/thumb/v7e-m+fp/hard/crt0.o (exit)
/opt/st/stm32cubeide_1.8.0/plugins/com.st.stm32cube.ide.mcu.externaltools.gnu-tools-for-stm32.9-2020-q2-update.linux64_2.0.0.202105311346/tools/bin/../lib/gcc/arm-none-eabi/9.3.1/../../../../arm-none-eabi/lib/thumb/v7e-m+fp/hard/libc.a(lib_a-impure.o)
                              /opt/st/stm32cubeide_1.8.0/plugins/com.st.stm32cube.ide.mcu.externaltools.gnu-tools-for-stm32.9-2020-q2-update.linux64_2.0.0.202105311346/tools/bin/../lib/gcc/arm-none-eabi/9.3.1/../../../../arm-none-eabi/lib/thumb/v7e-m+fp/hard/libc.a(lib_a-exit.o) (_global_impure_ptr)
/opt/st/stm32cubeide_1.8.0/plugins/com.st.stm32cube.ide.mcu.externaltools.gnu-tools-for-stm32.9-2020-q2-update.linux64_2.0.0.202105311346/tools/bin/../lib/gcc/arm-none-eabi/9.3.1/../../../../arm-none-eabi/lib/thumb/v7e-m+fp/hard/libc.a(lib_a-init.o)
                              /opt/st/stm32cubeide_1.8.0/plugins/com.st.stm32cube.ide.mcu.externaltools.gnu-tools-for-stm32.9-2020-q2-update.linux64_2.0.0.202105311346/tools/bin/../lib/gcc/arm-none-eabi/9.3.1/../../../../arm-none-eabi/lib/thumb/v7e-m+fp/hard/crt0.o (__libc_init_array)
/opt/st/stm32cubeide_1.8.0/plugins/com.st.stm32cube.ide.mcu.externaltools.gnu-tools-for-stm32.9-2020-q2-update.linux64_2.0.0.202105311346/tools/bin/../lib/gcc/arm-none-eabi/9.3.1/../../../../arm-none-eabi/lib/thumb/v7e-m+fp/hard/libc.a(lib_a-malloc.o)
                              ./Core/ThreadSafe/newlib_lock_glue.o (malloc)
/opt/st/stm32cubeide_1.8.0/plugins/com.st.stm32cube.ide.mcu.externaltools.gnu-tools-for-stm32.9-2020-q2-update.linux64_2.0.0.202105311346/tools/bin/../lib/gcc/arm-none-eabi/9.3.1/../../../../arm-none-eabi/lib/thumb/v7e-m+fp/hard/libc.a(lib_a-mallocr.o)
                              /opt/st/stm32cubeide_1.8.0/plugins/com.st.stm32cube.ide.mcu.externaltools.gnu-tools-for-stm32.9-2020-q2-update.linux64_2.0.0.202105311346/tools/bin/../lib/gcc/arm-none-eabi/9.3.1/../../../../arm-none-eabi/lib/thumb/v7e-m+fp/hard/libc.a(lib_a-malloc.o) (_malloc_r)
/opt/st/stm32cubeide_1.8.0/plugins/com.st.stm32cube.ide.mcu.externaltools.gnu-tools-for-stm32.9-2020-q2-update.linux64_2.0.0.202105311346/tools/bin/../lib/gcc/arm-none-eabi/9.3.1/../../../../arm-none-eabi/lib/thumb/v7e-m+fp/hard/libc.a(lib_a-memcpy-stub.o)
                              ./Middlewares/Third_Party/FreeRTOS/Source/queue.o (memcpy)
/opt/st/stm32cubeide_1.8.0/plugins/com.st.stm32cube.ide.mcu.externaltools.gnu-tools-for-stm32.9-2020-q2-update.linux64_2.0.0.202105311346/tools/bin/../lib/gcc/arm-none-eabi/9.3.1/../../../../arm-none-eabi/lib/thumb/v7e-m+fp/hard/libc.a(lib_a-memset.o)
                              /opt/st/stm32cubeide_1.8.0/plugins/com.st.stm32cube.ide.mcu.externaltools.gnu-tools-for-stm32.9-2020-q2-update.linux64_2.0.0.202105311346/tools/bin/../lib/gcc/arm-none-eabi/9.3.1/../../../../arm-none-eabi/lib/thumb/v7e-m+fp/hard/crt0.o (memset)
/opt/st/stm32cubeide_1.8.0/plugins/com.st.stm32cube.ide.mcu.externaltools.gnu-tools-for-stm32.9-2020-q2-update.linux64_2.0.0.202105311346/tools/bin/../lib/gcc/arm-none-eabi/9.3.1/../../../../arm-none-eabi/lib/thumb/v7e-m+fp/hard/libc.a(lib_a-mlock.o)
                              /opt/st/stm32cubeide_1.8.0/plugins/com.st.stm32cube.ide.mcu.externaltools.gnu-tools-for-stm32.9-2020-q2-update.linux64_2.0.0.202105311346/tools/bin/../lib/gcc/arm-none-eabi/9.3.1/../../../../arm-none-eabi/lib/thumb/v7e-m+fp/hard/libc.a(lib_a-mallocr.o) (__malloc_lock)
/opt/st/stm32cubeide_1.8.0/plugins/com.st.stm32cube.ide.mcu.externaltools.gnu-tools-for-stm32.9-2020-q2-update.linux64_2.0.0.202105311346/tools/bin/../lib/gcc/arm-none-eabi/9.3.1/../../../../arm-none-eabi/lib/thumb/v7e-m+fp/hard/libc.a(lib_a-reent.o)
                              ./Middlewares/Third_Party/FreeRTOS/Source/tasks.o (_reclaim_reent)
/opt/st/stm32cubeide_1.8.0/plugins/com.st.stm32cube.ide.mcu.externaltools.gnu-tools-for-stm32.9-2020-q2-update.linux64_2.0.0.202105311346/tools/bin/../lib/gcc/arm-none-eabi/9.3.1/../../../../arm-none-eabi/lib/thumb/v7e-m+fp/hard/libc.a(lib_a-sbrkr.o)
[...]
Memory Configuration

Name             Origin             Length             Attributes
CCMRAM           0x0000000010000000 0x0000000000010000 xrw
RAM              0x0000000020000000 0x0000000000020000 xrw
FLASH            0x0000000008000000 0x0000000000100000 xr
*default*        0x0000000000000000 0xffffffffffffffff

Linker script and memory map

LOAD /opt/st/stm32cubeide_1.8.0/plugins/com.st.stm32cube.ide.mcu.externaltools.gnu-tools-for-stm32.9-2020-q2-update.linux64_2.0.0.202105311346/tools/bin/../lib/gcc/arm-none-eabi/9.3.1/thumb/v7e-m+fp/hard/crti.o
LOAD /opt/st/stm32cubeide_1.8.0/plugins/com.st.stm32cube.ide.mcu.externaltools.gnu-tools-for-stm32.9-2020-q2-update.linux64_2.0.0.202105311346/tools/bin/../lib/gcc/arm-none-eabi/9.3.1/thumb/v7e-m+fp/hard/crtbegin.o
LOAD /opt/st/stm32cubeide_1.8.0/plugins/com.st.stm32cube.ide.mcu.externaltools.gnu-tools-for-stm32.9-2020-q2-update.linux64_2.0.0.202105311346/tools/bin/../lib/gcc/arm-none-eabi/9.3.1/../../../../arm-none-eabi/lib/thumb/v7e-m+fp/hard/crt0.o
LOAD ./Core/Src/UJI/SecondMain.o
LOAD ./Core/Src/UJI/UMLib.o
LOAD ./Core/Src/freertos.o
LOAD ./Core/Src/main.o
LOAD ./Core/Src/stm32f4xx_hal_msp.o
LOAD ./Core/Src/stm32f4xx_hal_timebase_tim.o
LOAD ./Core/Src/stm32f4xx_it.o
LOAD ./Core/Src/syscalls.o
LOAD ./Core/Src/sysmem.o
LOAD ./Core/Src/system_stm32f4xx.o
LOAD ./Core/Startup/startup_stm32f407vgtx.o
LOAD ./Core/ThreadSafe/newlib_lock_glue.o
LOAD ./Drivers/STM32F4xx_HAL_Driver/Src/stm32f4xx_hal.o
LOAD ./Drivers/STM32F4xx_HAL_Driver/Src/stm32f4xx_hal_adc.o
LOAD ./Drivers/STM32F4xx_HAL_Driver/Src/stm32f4xx_hal_adc_ex.o
LOAD ./Drivers/STM32F4xx_HAL_Driver/Src/stm32f4xx_hal_can.o
LOAD ./Drivers/STM32F4xx_HAL_Driver/Src/stm32f4xx_hal_cortex.o
LOAD ./Drivers/STM32F4xx_HAL_Driver/Src/stm32f4xx_hal_crc.o
LOAD ./Drivers/STM32F4xx_HAL_Driver/Src/stm32f4xx_hal_dac.o
LOAD ./Drivers/STM32F4xx_HAL_Driver/Src/stm32f4xx_hal_dac_ex.o
LOAD ./Drivers/STM32F4xx_HAL_Driver/Src/stm32f4xx_hal_dma.o
LOAD ./Drivers/STM32F4xx_HAL_Driver/Src/stm32f4xx_hal_dma_ex.o
LOAD ./Drivers/STM32F4xx_HAL_Driver/Src/stm32f4xx_hal_exti.o
LOAD ./Drivers/STM32F4xx_HAL_Driver/Src/stm32f4xx_hal_flash.o
LOAD ./Drivers/STM32F4xx_HAL_Driver/Src/stm32f4xx_hal_flash_ex.o
LOAD ./Drivers/STM32F4xx_HAL_Driver/Src/stm32f4xx_hal_flash_ramfunc.o
LOAD ./Drivers/STM32F4xx_HAL_Driver/Src/stm32f4xx_hal_gpio.o
LOAD ./Drivers/STM32F4xx_HAL_Driver/Src/stm32f4xx_hal_pwr.o
LOAD ./Drivers/STM32F4xx_HAL_Driver/Src/stm32f4xx_hal_pwr_ex.o
LOAD ./Drivers/STM32F4xx_HAL_Driver/Src/stm32f4xx_hal_rcc.o
LOAD ./Drivers/STM32F4xx_HAL_Driver/Src/stm32f4xx_hal_rcc_ex.o
LOAD ./Drivers/STM32F4xx_HAL_Driver/Src/stm32f4xx_hal_sd.o
LOAD ./Drivers/STM32F4xx_HAL_Driver/Src/stm32f4xx_hal_spi.o
LOAD ./Drivers/STM32F4xx_HAL_Driver/Src/stm32f4xx_hal_tim.o
LOAD ./Drivers/STM32F4xx_HAL_Driver/Src/stm32f4xx_hal_tim_ex.o
LOAD ./Drivers/STM32F4xx_HAL_Driver/Src/stm32f4xx_hal_uart.o
LOAD ./Drivers/STM32F4xx_HAL_Driver/Src/stm32f4xx_ll_adc.o
LOAD ./Drivers/STM32F4xx_HAL_Driver/Src/stm32f4xx_ll_sdmmc.o
LOAD ./FATFS/App/fatfs.o
LOAD ./FATFS/Target/bsp_driver_sd.o
LOAD ./FATFS/Target/fatfs_platform.o
LOAD ./FATFS/Target/sd_diskio.o
LOAD ./Middlewares/Third_Party/FatFs/src/diskio.o
LOAD ./Middlewares/Third_Party/FatFs/src/ff.o
LOAD ./Middlewares/Third_Party/FatFs/src/ff_gen_drv.o
LOAD ./Middlewares/Third_Party/FatFs/src/option/syscall.o
LOAD ./Middlewares/Third_Party/FreeRTOS/Source/CMSIS_RTOS/cmsis_os.o
LOAD ./Middlewares/Third_Party/FreeRTOS/Source/croutine.o
LOAD ./Middlewares/Third_Party/FreeRTOS/Source/event_groups.o
LOAD ./Middlewares/Third_Party/FreeRTOS/Source/list.o
LOAD ./Middlewares/Third_Party/FreeRTOS/Source/queue.o
LOAD ./Middlewares/Third_Party/FreeRTOS/Source/stream_buffer.o
LOAD ./Middlewares/Third_Party/FreeRTOS/Source/tasks.o
LOAD ./Middlewares/Third_Party/FreeRTOS/Source/timers.o
LOAD ./Middlewares/Third_Party/FreeRTOS/Source/portable/GCC/ARM_CM4F/port.o
LOAD ./Middlewares/Third_Party/FreeRTOS/Source/portable/MemMang/heap_4.o
START GROUP
LOAD /opt/st/stm32cubeide_1.8.0/plugins/com.st.stm32cube.ide.mcu.externaltools.gnu-tools-for-stm32.9-2020-q2-update.linux64_2.0.0.202105311346/tools/bin/../lib/gcc/arm-none-eabi/9.3.1/../../../../arm-none-eabi/lib/thumb/v7e-m+fp/hard/libc.a
LOAD /opt/st/stm32cubeide_1.8.0/plugins/com.st.stm32cube.ide.mcu.externaltools.gnu-tools-for-stm32.9-2020-q2-update.linux64_2.0.0.202105311346/tools/bin/../lib/gcc/arm-none-eabi/9.3.1/../../../../arm-none-eabi/lib/thumb/v7e-m+fp/hard/libm.a
END GROUP
START GROUP
LOAD /opt/st/stm32cubeide_1.8.0/plugins/com.st.stm32cube.ide.mcu.externaltools.gnu-tools-for-stm32.9-2020-q2-update.linux64_2.0.0.202105311346/tools/bin/../lib/gcc/arm-none-eabi/9.3.1/thumb/v7e-m+fp/hard/libgcc.a
LOAD /opt/st/stm32cubeide_1.8.0/plugins/com.st.stm32cube.ide.mcu.externaltools.gnu-tools-for-stm32.9-2020-q2-update.linux64_2.0.0.202105311346/tools/bin/../lib/gcc/arm-none-eabi/9.3.1/../../../../arm-none-eabi/lib/thumb/v7e-m+fp/hard/libc.a
END GROUP
START GROUP
LOAD /opt/st/stm32cubeide_1.8.0/plugins/com.st.stm32cube.ide.mcu.externaltools.gnu-tools-for-stm32.9-2020-q2-update.linux64_2.0.0.202105311346/tools/bin/../lib/gcc/arm-none-eabi/9.3.1/thumb/v7e-m+fp/hard/libgcc.a
LOAD /opt/st/stm32cubeide_1.8.0/plugins/com.st.stm32cube.ide.mcu.externaltools.gnu-tools-for-stm32.9-2020-q2-update.linux64_2.0.0.202105311346/tools/bin/../lib/gcc/arm-none-eabi/9.3.1/../../../../arm-none-eabi/lib/thumb/v7e-m+fp/hard/libc.a
LOAD /opt/st/stm32cubeide_1.8.0/plugins/com.st.stm32cube.ide.mcu.externaltools.gnu-tools-for-stm32.9-2020-q2-update.linux64_2.0.0.202105311346/tools/bin/../lib/gcc/arm-none-eabi/9.3.1/../../../../arm-none-eabi/lib/thumb/v7e-m+fp/hard/libnosys.a
END GROUP
LOAD /opt/st/stm32cubeide_1.8.0/plugins/com.st.stm32cube.ide.mcu.externaltools.gnu-tools-for-stm32.9-2020-q2-update.linux64_2.0.0.202105311346/tools/bin/../lib/gcc/arm-none-eabi/9.3.1/thumb/v7e-m+fp/hard/crtend.o
LOAD /opt/st/stm32cubeide_1.8.0/plugins/com.st.stm32cube.ide.mcu.externaltools.gnu-tools-for-stm32.9-2020-q2-update.linux64_2.0.0.202105311346/tools/bin/../lib/gcc/arm-none-eabi/9.3.1/thumb/v7e-m+fp/hard/crtn.o
                0x0000000020020000                _estack = (ORIGIN (RAM) + LENGTH (RAM))
                0x0000000000000200                _Min_Heap_Size = 0x200
                0x0000000000000400                _Min_Stack_Size = 0x400

.isr_vector     0x0000000008000000      0x188
                0x0000000008000000                . = ALIGN (0x4)
 *(.isr_vector)
 .isr_vector    0x0000000008000000      0x188 ./Core/Startup/startup_stm32f407vgtx.o
                0x0000000008000000                g_pfnVectors
                0x0000000008000188                . = ALIGN (0x4)

.text           0x0000000008000190     0xa91c
                0x0000000008000190                . = ALIGN (0x4)
 *(.text)
 .text          0x0000000008000190       0x40 /opt/st/stm32cubeide_1.8.0/plugins/com.st.stm32cube.ide.mcu.externaltools.gnu-tools-for-stm32.9-2020-q2-update.linux64_2.0.0.202105311346/tools/bin/../lib/gcc/arm-none-eabi/9.3.1/thumb/v7e-m+fp/hard/crtbegin.o
 .text          0x00000000080001d0       0x30 /opt/st/stm32cubeide_1.8.0/plugins/com.st.stm32cube.ide.mcu.externaltools.gnu-tools-for-stm32.9-2020-q2-update.linux64_2.0.0.202105311346/tools/bin/../lib/gcc/arm-none-eabi/9.3.1/thumb/v7e-m+fp/hard/libgcc.a(_aeabi_uldivmod.o)
                0x00000000080001d0                __aeabi_uldivmod
 .text          0x0000000008000200      0x2c4 /opt/st/stm32cubeide_1.8.0/plugins/com.st.stm32cube.ide.mcu.externaltools.gnu-tools-for-stm32.9-2020-q2-update.linux64_2.0.0.202105311346/tools/bin/../lib/gcc/arm-none-eabi/9.3.1/thumb/v7e-m+fp/hard/libgcc.a(_udivmoddi4.o)
                0x0000000008000200                __udivmoddi4
 .text          0x00000000080004c4        0x4 /opt/st/stm32cubeide_1.8.0/plugins/com.st.stm32cube.ide.mcu.externaltools.gnu-tools-for-stm32.9-2020-q2-update.linux64_2.0.0.202105311346/tools/bin/../lib/gcc/arm-none-eabi/9.3.1/thumb/v7e-m+fp/hard/libgcc.a(_dvmd_tls.o)
                0x00000000080004c4                __aeabi_ldiv0
                0x00000000080004c4                __aeabi_idiv0
 *(.text*)
 .text.InitTask
                0x00000000080004c8       0x34 ./Core/Src/UJI/SecondMain.o
                0x00000000080004c8                InitTask
 .text.SecondMain
                0x00000000080004fc       0x34 ./Core/Src/UJI/SecondMain.o
                0x00000000080004fc                SecondMain
 .text.HAL_ADC_ErrorCallback
                0x0000000008000530       0x14 ./Core/Src/UJI/SecondMain.o
                0x0000000008000530                HAL_ADC_ErrorCallback
 .text.initializeLEDS
                0x0000000008000544       0x34 ./Core/Src/UJI/UMLib.o
                0x0000000008000544                initializeLEDS
 .text.halt     0x0000000008000578       0x40 ./Core/Src/UJI/UMLib.o
                0x0000000008000578                halt
 .text.vApplicationGetIdleTaskMemory
                0x00000000080005b8       0x34 ./Core/Src/freertos.o
                0x00000000080005b8                vApplicationGetIdleTaskMemory
 .text.main     0x00000000080005ec       0x74 ./Core/Src/main.o
                0x00000000080005ec                main
 .text.SystemClock_Config
                0x0000000008000660       0xd4 ./Core/Src/main.o
                0x0000000008000660                SystemClock_Config
 .text.MX_ADC1_Init
                0x0000000008000734      0x1bc ./Core/Src/main.o
 .text.MX_CAN1_Init
                0x00000000080008f0       0x68 ./Core/Src/main.o
 .text.MX_CRC_Init
                0x0000000008000958       0x28 ./Core/Src/main.o
 .text.MX_DAC_Init
                0x0000000008000980       0x54 ./Core/Src/main.o
 .text.MX_SDIO_SD_Init
                0x00000000080009d4       0x40 ./Core/Src/main.o
 .text.MX_SPI1_Init
                0x0000000008000a14       0x6c ./Core/Src/main.o
 .text.MX_SPI2_Init
                0x0000000008000a80       0x6c ./Core/Src/main.o
 .text.MX_USART3_UART_Init
                0x0000000008000aec       0x54 ./Core/Src/main.o
 .text.MX_USART6_UART_Init
                0x0000000008000b40       0x54 ./Core/Src/main.o
 .text.MX_DMA_Init
                0x0000000008000b94       0x40 ./Core/Src/main.o
 .text.MX_GPIO_Init
                0x0000000008000bd4      0x250 ./Core/Src/main.o
 .text.StartDefaultTask
                0x0000000008000e24       0x10 ./Core/Src/main.o
                0x0000000008000e24                StartDefaultTask
 .text.HAL_TIM_PeriodElapsedCallback
                0x0000000008000e34       0x24 ./Core/Src/main.o
                0x0000000008000e34                HAL_TIM_PeriodElapsedCallback
 .text.Error_Handler
                0x0000000008000e58        0xc ./Core/Src/main.o
                0x0000000008000e58                Error_Handler
 .text.assert_failed
                0x0000000008000e64       0x18 ./Core/Src/main.o
                0x0000000008000e64                assert_failed
 .text.HAL_MspInit
                0x0000000008000e7c       0x58 ./Core/Src/stm32f4xx_hal_msp.o
                0x0000000008000e7c                HAL_MspInit
 .text.HAL_ADC_MspInit
                0x0000000008000ed4      0x160 ./Core/Src/stm32f4xx_hal_msp.o
                0x0000000008000ed4                HAL_ADC_MspInit
 .text.HAL_CAN_MspInit
                0x0000000008001034       0x90 ./Core/Src/stm32f4xx_hal_msp.o
                0x0000000008001034                HAL_CAN_MspInit
 .text.HAL_CRC_MspInit
                0x00000000080010c4       0x44 ./Core/Src/stm32f4xx_hal_msp.o
                0x00000000080010c4                HAL_CRC_MspInit
 .text.HAL_DAC_MspInit
                0x0000000008001108       0x98 ./Core/Src/stm32f4xx_hal_msp.o
                0x0000000008001108                HAL_DAC_MspInit
 .text.HAL_SD_MspInit
                0x00000000080011a0       0xd0 ./Core/Src/stm32f4xx_hal_msp.o
                0x00000000080011a0                HAL_SD_MspInit
 .text.HAL_SPI_MspInit
                0x0000000008001270       0xfc ./Core/Src/stm32f4xx_hal_msp.o
                0x0000000008001270                HAL_SPI_MspInit
 .text.HAL_UART_MspInit
                0x000000000800136c      0x140 ./Core/Src/stm32f4xx_hal_msp.o
                0x000000000800136c                HAL_UART_MspInit
 .text.HAL_InitTick
                0x00000000080014ac       0xc0 ./Core/Src/stm32f4xx_hal_timebase_tim.o
                0x00000000080014ac                HAL_InitTick
 .text.NMI_Handler
                0x000000000800156c        0x6 ./Core/Src/stm32f4xx_it.o
                0x000000000800156c                NMI_Handler
 .text.HardFault_Handler
                0x0000000008001572        0x6 ./Core/Src/stm32f4xx_it.o
                0x0000000008001572                HardFault_Handler
 .text.MemManage_Handler
                0x0000000008001578        0x6 ./Core/Src/stm32f4xx_it.o
                0x0000000008001578                MemManage_Handler
 .text.BusFault_Handler
                0x000000000800157e        0x6 ./Core/Src/stm32f4xx_it.o
                0x000000000800157e                BusFault_Handler
 .text.UsageFault_Handler
                0x0000000008001584        0x6 ./Core/Src/stm32f4xx_it.o
                0x0000000008001584                UsageFault_Handler
 .text.DebugMon_Handler
                0x000000000800158a        0xe ./Core/Src/stm32f4xx_it.o
                0x000000000800158a                DebugMon_Handler
 .text.TIM6_DAC_IRQHandler
                0x0000000008001598       0x28 ./Core/Src/stm32f4xx_it.o
                0x0000000008001598                TIM6_DAC_IRQHandler
 .text.DMA2_Stream0_IRQHandler
                0x00000000080015c0       0x14 ./Core/Src/stm32f4xx_it.o
                0x00000000080015c0                DMA2_Stream0_IRQHandler
 .text._sbrk    0x00000000080015d4       0x6c ./Core/Src/sysmem.o
                0x00000000080015d4                _sbrk
 .text.SystemInit
                0x0000000008001640       0x24 ./Core/Src/system_stm32f4xx.o
                0x0000000008001640                SystemInit
 .text.Reset_Handler
                0x0000000008001664       0x50 ./Core/Startup/startup_stm32f407vgtx.o
                0x0000000008001664                Reset_Handler
 .text.Default_Handler
                0x00000000080016b4        0x2 ./Core/Startup/startup_stm32f407vgtx.o
                0x00000000080016b4                RTC_Alarm_IRQHandler
                0x00000000080016b4                HASH_RNG_IRQHandler
                0x00000000080016b4                EXTI2_IRQHandler
                0x00000000080016b4                TIM8_CC_IRQHandler
                0x00000000080016b4                TIM1_CC_IRQHandler
                0x00000000080016b4                DMA2_Stream5_IRQHandler
                0x00000000080016b4                DMA1_Stream5_IRQHandler
                0x00000000080016b4                PVD_IRQHandler
                0x00000000080016b4                SDIO_IRQHandler
                0x00000000080016b4                TAMP_STAMP_IRQHandler
                0x00000000080016b4                CAN2_RX1_IRQHandler
                0x00000000080016b4                EXTI3_IRQHandler
                0x00000000080016b4                TIM8_TRG_COM_TIM14_IRQHandler
                0x00000000080016b4                TIM1_UP_TIM10_IRQHandler
                0x00000000080016b4                TIM8_UP_TIM13_IRQHandler
                0x00000000080016b4                I2C3_ER_IRQHandler
                0x00000000080016b4                EXTI0_IRQHandler
                0x00000000080016b4                I2C2_EV_IRQHandler
                0x00000000080016b4                DMA1_Stream2_IRQHandler
                0x00000000080016b4                CAN1_RX0_IRQHandler
                0x00000000080016b4                FPU_IRQHandler
                0x00000000080016b4                OTG_HS_WKUP_IRQHandler
                0x00000000080016b4                CAN2_SCE_IRQHandler
                0x00000000080016b4                DMA2_Stream2_IRQHandler
                0x00000000080016b4                SPI1_IRQHandler
                0x00000000080016b4                TIM1_BRK_TIM9_IRQHandler
                0x00000000080016b4                DCMI_IRQHandler
                0x00000000080016b4                CAN2_RX0_IRQHandler
                0x00000000080016b4                DMA2_Stream3_IRQHandler
                0x00000000080016b4                USART6_IRQHandler
                0x00000000080016b4                USART3_IRQHandler
                0x00000000080016b4                CAN1_RX1_IRQHandler
                0x00000000080016b4                UART5_IRQHandler
                0x00000000080016b4                TIM4_IRQHandler
                0x00000000080016b4                I2C1_EV_IRQHandler
                0x00000000080016b4                DMA1_Stream6_IRQHandler
                0x00000000080016b4                DMA1_Stream1_IRQHandler
                0x00000000080016b4                UART4_IRQHandler
                0x00000000080016b4                TIM3_IRQHandler
                0x00000000080016b4                RCC_IRQHandler
                0x00000000080016b4                TIM8_BRK_TIM12_IRQHandler
                0x00000000080016b4                Default_Handler
                0x00000000080016b4                EXTI15_10_IRQHandler
                0x00000000080016b4                ADC_IRQHandler
                0x00000000080016b4                DMA1_Stream7_IRQHandler
                0x00000000080016b4                TIM7_IRQHandler
                0x00000000080016b4                CAN2_TX_IRQHandler
                0x00000000080016b4                TIM5_IRQHandler
                0x00000000080016b4                DMA2_Stream7_IRQHandler
                0x00000000080016b4                I2C3_EV_IRQHandler
                0x00000000080016b4                EXTI9_5_IRQHandler
                0x00000000080016b4                RTC_WKUP_IRQHandler
                0x00000000080016b4                ETH_WKUP_IRQHandler
                0x00000000080016b4                SPI2_IRQHandler
                0x00000000080016b4                OTG_HS_EP1_IN_IRQHandler
                0x00000000080016b4                DMA1_Stream0_IRQHandler
                0x00000000080016b4                CAN1_TX_IRQHandler
                0x00000000080016b4                EXTI4_IRQHandler
                0x00000000080016b4                FSMC_IRQHandler
                0x00000000080016b4                ETH_IRQHandler
                0x00000000080016b4                OTG_HS_EP1_OUT_IRQHandler
                0x00000000080016b4                WWDG_IRQHandler
                0x00000000080016b4                TIM2_IRQHandler
                0x00000000080016b4                OTG_FS_WKUP_IRQHandler
                0x00000000080016b4                TIM1_TRG_COM_TIM11_IRQHandler
                0x00000000080016b4                OTG_HS_IRQHandler
                0x00000000080016b4                EXTI1_IRQHandler
                0x00000000080016b4                USART2_IRQHandler
                0x00000000080016b4                I2C2_ER_IRQHandler
                0x00000000080016b4                DMA2_Stream1_IRQHandler
                0x00000000080016b4                CAN1_SCE_IRQHandler
                0x00000000080016b4                FLASH_IRQHandler
                0x00000000080016b4                DMA2_Stream4_IRQHandler
                0x00000000080016b4                USART1_IRQHandler
                0x00000000080016b4                OTG_FS_IRQHandler
                0x00000000080016b4                SPI3_IRQHandler
                0x00000000080016b4                DMA1_Stream4_IRQHandler
                0x00000000080016b4                I2C1_ER_IRQHandler
                0x00000000080016b4                DMA2_Stream6_IRQHandler
                0x00000000080016b4                DMA1_Stream3_IRQHandler
 .text.stm32_lock_acquire
                0x00000000080016b6       0x3a ./Core/ThreadSafe/newlib_lock_glue.o
 .text.stm32_lock_release
                0x00000000080016f0       0x3a ./Core/ThreadSafe/newlib_lock_glue.o
 .text.__retarget_lock_acquire_recursive
                0x000000000800172a       0x28 ./Core/ThreadSafe/newlib_lock_glue.o
                0x000000000800172a                __retarget_lock_acquire_recursive
 .text.__retarget_lock_release_recursive
                0x0000000008001752       0x28 ./Core/ThreadSafe/newlib_lock_glue.o
                0x0000000008001752                __retarget_lock_release_recursive
 *fill*         0x000000000800177a        0x2 
 .text.HAL_Init
                0x000000000800177c       0x44 ./Drivers/STM32F4xx_HAL_Driver/Src/stm32f4xx_hal.o
                0x000000000800177c                HAL_Init
 .text.HAL_IncTick
                0x00000000080017c0       0x28 ./Drivers/STM32F4xx_HAL_Driver/Src/stm32f4xx_hal.o
                0x00000000080017c0                HAL_IncTick
 .text.HAL_GetTick
                0x00000000080017e8       0x18 ./Drivers/STM32F4xx_HAL_Driver/Src/stm32f4xx_hal.o
                0x00000000080017e8                HAL_GetTick
 .text.HAL_Delay
                0x0000000008001800       0x48 ./Drivers/STM32F4xx_HAL_Driver/Src/stm32f4xx_hal.o
                0x0000000008001800                HAL_Delay
 .text.HAL_ADC_Init
                0x0000000008001848      0x2d8 ./Drivers/STM32F4xx_HAL_Driver/Src/stm32f4xx_hal_adc.o
                0x0000000008001848                HAL_ADC_Init
 .text.HAL_ADC_Start_DMA
                0x0000000008001b20      0x26c ./Drivers/STM32F4xx_HAL_Driver/Src/stm32f4xx_hal_adc.o
                0x0000000008001b20                HAL_ADC_Start_DMA
 .text.HAL_ADC_ConvCpltCallback
                0x0000000008001d8c       0x14 ./Drivers/STM32F4xx_HAL_Driver/Src/stm32f4xx_hal_adc.o
                0x0000000008001d8c                HAL_ADC_ConvCpltCallback
 .text.HAL_ADC_ConvHalfCpltCallback
                0x0000000008001da0       0x14 ./Drivers/STM32F4xx_HAL_Driver/Src/stm32f4xx_hal_adc.o
                0x0000000008001da0                HAL_ADC_ConvHalfCpltCallback
 .text.HAL_ADC_ConfigChannel
                0x0000000008001db4      0x2bc ./Drivers/STM32F4xx_HAL_Driver/Src/stm32f4xx_hal_adc.o
                0x0000000008001db4                HAL_ADC_ConfigChannel
 .text.ADC_Init
                0x0000000008002070      0x214 ./Drivers/STM32F4xx_HAL_Driver/Src/stm32f4xx_hal_adc.o
 .text.ADC_DMAConvCplt
                0x0000000008002284       0xba ./Drivers/STM32F4xx_HAL_Driver/Src/stm32f4xx_hal_adc.o
 .text.ADC_DMAHalfConvCplt
                0x000000000800233e       0x1c ./Drivers/STM32F4xx_HAL_Driver/Src/stm32f4xx_hal_adc.o
 .text.ADC_DMAError
                0x000000000800235a       0x2e ./Drivers/STM32F4xx_HAL_Driver/Src/stm32f4xx_hal_adc.o
 .text.HAL_CAN_Init
                0x0000000008002388      0x438 ./Drivers/STM32F4xx_HAL_Driver/Src/stm32f4xx_hal_can.o
                0x0000000008002388                HAL_CAN_Init
 .text.__NVIC_SetPriorityGrouping
                0x00000000080027c0       0x48 ./Drivers/STM32F4xx_HAL_Driver/Src/stm32f4xx_hal_cortex.o
 .text.__NVIC_GetPriorityGrouping
                0x0000000008002808       0x1c ./Drivers/STM32F4xx_HAL_Driver/Src/stm32f4xx_hal_cortex.o
 .text.__NVIC_EnableIRQ
                0x0000000008002824       0x3c ./Drivers/STM32F4xx_HAL_Driver/Src/stm32f4xx_hal_cortex.o
 .text.__NVIC_SetPriority
                0x0000000008002860       0x54 ./Drivers/STM32F4xx_HAL_Driver/Src/stm32f4xx_hal_cortex.o
 .text.NVIC_EncodePriority
                0x00000000080028b4       0x66 ./Drivers/STM32F4xx_HAL_Driver/Src/stm32f4xx_hal_cortex.o
 *fill*         0x000000000800291a        0x2 
 .text.HAL_NVIC_SetPriorityGrouping
                0x000000000800291c       0x40 ./Drivers/STM32F4xx_HAL_Driver/Src/stm32f4xx_hal_cortex.o
                0x000000000800291c                HAL_NVIC_SetPriorityGrouping
 .text.HAL_NVIC_SetPriority
                0x000000000800295c       0x58 ./Drivers/STM32F4xx_HAL_Driver/Src/stm32f4xx_hal_cortex.o
                0x000000000800295c                HAL_NVIC_SetPriority
 .text.HAL_NVIC_EnableIRQ
                0x00000000080029b4       0x30 ./Drivers/STM32F4xx_HAL_Driver/Src/stm32f4xx_hal_cortex.o
                0x00000000080029b4                HAL_NVIC_EnableIRQ
 .text.HAL_CRC_Init
                0x00000000080029e4       0x54 ./Drivers/STM32F4xx_HAL_Driver/Src/stm32f4xx_hal_crc.o
                0x00000000080029e4                HAL_CRC_Init
 .text.HAL_DAC_Init
                0x0000000008002a38       0x60 ./Drivers/STM32F4xx_HAL_Driver/Src/stm32f4xx_hal_dac.o
                0x0000000008002a38                HAL_DAC_Init
 .text.HAL_DAC_Start
                0x0000000008002a98       0xbc ./Drivers/STM32F4xx_HAL_Driver/Src/stm32f4xx_hal_dac.o
                0x0000000008002a98                HAL_DAC_Start
 .text.HAL_DAC_IRQHandler
                0x0000000008002b54       0xb4 ./Drivers/STM32F4xx_HAL_Driver/Src/stm32f4xx_hal_dac.o
                0x0000000008002b54                HAL_DAC_IRQHandler
 .text.HAL_DAC_SetValue
                0x0000000008002c08       0x90 ./Drivers/STM32F4xx_HAL_Driver/Src/stm32f4xx_hal_dac.o
                0x0000000008002c08                HAL_DAC_SetValue
 .text.HAL_DAC_DMAUnderrunCallbackCh1
                0x0000000008002c98       0x14 ./Drivers/STM32F4xx_HAL_Driver/Src/stm32f4xx_hal_dac.o
                0x0000000008002c98                HAL_DAC_DMAUnderrunCallbackCh1
 .text.HAL_DAC_ConfigChannel
                0x0000000008002cac      0x120 ./Drivers/STM32F4xx_HAL_Driver/Src/stm32f4xx_hal_dac.o
                0x0000000008002cac                HAL_DAC_ConfigChannel
 .text.HAL_DACEx_DMAUnderrunCallbackCh2
                0x0000000008002dcc       0x14 ./Drivers/STM32F4xx_HAL_Driver/Src/stm32f4xx_hal_dac_ex.o
                0x0000000008002dcc                HAL_DACEx_DMAUnderrunCallbackCh2
 .text.HAL_DMA_Init
                0x0000000008002de0      0x438 ./Drivers/STM32F4xx_HAL_Driver/Src/stm32f4xx_hal_dma.o
                0x0000000008002de0                HAL_DMA_Init
 .text.HAL_DMA_Start_IT
                0x0000000008003218       0xcc ./Drivers/STM32F4xx_HAL_Driver/Src/stm32f4xx_hal_dma.o
                0x0000000008003218                HAL_DMA_Start_IT
 .text.HAL_DMA_IRQHandler
                0x00000000080032e4      0x314 ./Drivers/STM32F4xx_HAL_Driver/Src/stm32f4xx_hal_dma.o
                0x00000000080032e4                HAL_DMA_IRQHandler
 .text.HAL_DMA_GetError
                0x00000000080035f8       0x18 ./Drivers/STM32F4xx_HAL_Driver/Src/stm32f4xx_hal_dma.o
                0x00000000080035f8                HAL_DMA_GetError
 .text.DMA_SetConfig
                0x0000000008003610       0x5c ./Drivers/STM32F4xx_HAL_Driver/Src/stm32f4xx_hal_dma.o
 .text.DMA_CalcBaseAndBitshift
                0x000000000800366c       0x6c ./Drivers/STM32F4xx_HAL_Driver/Src/stm32f4xx_hal_dma.o
 .text.DMA_CheckFifoParam
                0x00000000080036d8       0xf8 ./Drivers/STM32F4xx_HAL_Driver/Src/stm32f4xx_hal_dma.o
 .text.HAL_GPIO_Init
                0x00000000080037d0      0x5c0 ./Drivers/STM32F4xx_HAL_Driver/Src/stm32f4xx_hal_gpio.o
                0x00000000080037d0                HAL_GPIO_Init
 .text.HAL_GPIO_ReadPin
                0x0000000008003d90       0x4c ./Drivers/STM32F4xx_HAL_Driver/Src/stm32f4xx_hal_gpio.o
                0x0000000008003d90                HAL_GPIO_ReadPin
 .text.HAL_GPIO_WritePin
                0x0000000008003ddc       0x64 ./Drivers/STM32F4xx_HAL_Driver/Src/stm32f4xx_hal_gpio.o
                0x0000000008003ddc                HAL_GPIO_WritePin
 .text.HAL_RCC_OscConfig
                0x0000000008003e40      0x650 ./Drivers/STM32F4xx_HAL_Driver/Src/stm32f4xx_hal_rcc.o
                0x0000000008003e40                HAL_RCC_OscConfig
 .text.HAL_RCC_ClockConfig
                0x0000000008004490      0x31c ./Drivers/STM32F4xx_HAL_Driver/Src/stm32f4xx_hal_rcc.o
                0x0000000008004490                HAL_RCC_ClockConfig
 .text.HAL_RCC_GetSysClockFreq
                0x00000000080047ac      0x1c4 ./Drivers/STM32F4xx_HAL_Driver/Src/stm32f4xx_hal_rcc.o
                0x00000000080047ac                HAL_RCC_GetSysClockFreq
 .text.HAL_RCC_GetHCLKFreq
                0x0000000008004970       0x18 ./Drivers/STM32F4xx_HAL_Driver/Src/stm32f4xx_hal_rcc.o
                0x0000000008004970                HAL_RCC_GetHCLKFreq
 .text.HAL_RCC_GetPCLK1Freq
                0x0000000008004988       0x28 ./Drivers/STM32F4xx_HAL_Driver/Src/stm32f4xx_hal_rcc.o
                0x0000000008004988                HAL_RCC_GetPCLK1Freq
 .text.HAL_RCC_GetPCLK2Freq
                0x00000000080049b0       0x28 ./Drivers/STM32F4xx_HAL_Driver/Src/stm32f4xx_hal_rcc.o
                0x00000000080049b0                HAL_RCC_GetPCLK2Freq
 .text.HAL_RCC_GetClockConfig
                0x00000000080049d8       0x64 ./Drivers/STM32F4xx_HAL_Driver/Src/stm32f4xx_hal_rcc.o
                0x00000000080049d8                HAL_RCC_GetClockConfig
 .text.HAL_SD_Init
                0x0000000008004a3c      0x124 ./Drivers/STM32F4xx_HAL_Driver/Src/stm32f4xx_hal_sd.o
                0x0000000008004a3c                HAL_SD_Init
 .text.HAL_SD_InitCard
                0x0000000008004b60       0xfc ./Drivers/STM32F4xx_HAL_Driver/Src/stm32f4xx_hal_sd.o
                0x0000000008004b60                HAL_SD_InitCard
 .text.HAL_SD_ReadBlocks_DMA
                0x0000000008004c5c      0x1c4 ./Drivers/STM32F4xx_HAL_Driver/Src/stm32f4xx_hal_sd.o
                0x0000000008004c5c                HAL_SD_ReadBlocks_DMA
 .text.HAL_SD_WriteBlocks_DMA
                0x0000000008004e20      0x1cc ./Drivers/STM32F4xx_HAL_Driver/Src/stm32f4xx_hal_sd.o
                0x0000000008004e20                HAL_SD_WriteBlocks_DMA
 .text.HAL_SD_ErrorCallback
                0x0000000008004fec       0x14 ./Drivers/STM32F4xx_HAL_Driver/Src/stm32f4xx_hal_sd.o
                0x0000000008004fec                HAL_SD_ErrorCallback
 .text.HAL_SD_GetCardCSD
                0x0000000008005000      0x348 ./Drivers/STM32F4xx_HAL_Driver/Src/stm32f4xx_hal_sd.o
                0x0000000008005000                HAL_SD_GetCardCSD
 .text.HAL_SD_GetCardInfo
                0x0000000008005348       0x58 ./Drivers/STM32F4xx_HAL_Driver/Src/stm32f4xx_hal_sd.o
                0x0000000008005348                HAL_SD_GetCardInfo
 .text.HAL_SD_ConfigWideBusOperation
                0x00000000080053a0      0x158 ./Drivers/STM32F4xx_HAL_Driver/Src/stm32f4xx_hal_sd.o
                0x00000000080053a0                HAL_SD_ConfigWideBusOperation
 .text.HAL_SD_GetCardState
                0x00000000080054f8       0x40 ./Drivers/STM32F4xx_HAL_Driver/Src/stm32f4xx_hal_sd.o
                0x00000000080054f8                HAL_SD_GetCardState
 .text.SD_DMATransmitCplt
                0x0000000008005538       0x2a ./Drivers/STM32F4xx_HAL_Driver/Src/stm32f4xx_hal_sd.o
 .text.SD_DMAReceiveCplt
                0x0000000008005562       0x70 ./Drivers/STM32F4xx_HAL_Driver/Src/stm32f4xx_hal_sd.o
 *fill*         0x00000000080055d2        0x2 
 .text.SD_DMAError
                0x00000000080055d4       0xa4 ./Drivers/STM32F4xx_HAL_Driver/Src/stm32f4xx_hal_sd.o
 .text.SD_InitCard
                0x0000000008005678      0x198 ./Drivers/STM32F4xx_HAL_Driver/Src/stm32f4xx_hal_sd.o
 .text.SD_PowerON
                0x0000000008005810      0x11c ./Drivers/STM32F4xx_HAL_Driver/Src/stm32f4xx_hal_sd.o
 .text.SD_SendStatus
                0x000000000800592c       0x50 ./Drivers/STM32F4xx_HAL_Driver/Src/stm32f4xx_hal_sd.o
 .text.SD_WideBus_Enable
                0x000000000800597c       0x96 ./Drivers/STM32F4xx_HAL_Driver/Src/stm32f4xx_hal_sd.o
 .text.SD_WideBus_Disable
                0x0000000008005a12       0x96 ./Drivers/STM32F4xx_HAL_Driver/Src/stm32f4xx_hal_sd.o
 .text.SD_FindSCR
                0x0000000008005aa8      0x1a6 ./Drivers/STM32F4xx_HAL_Driver/Src/stm32f4xx_hal_sd.o
 *fill*         0x0000000008005c4e        0x2 
 .text.HAL_SPI_Init
                0x0000000008005c50      0x31c ./Drivers/STM32F4xx_HAL_Driver/Src/stm32f4xx_hal_spi.o
                0x0000000008005c50                HAL_SPI_Init
 .text.HAL_TIM_Base_Init
                0x0000000008005f6c      0x1e0 ./Drivers/STM32F4xx_HAL_Driver/Src/stm32f4xx_hal_tim.o
                0x0000000008005f6c                HAL_TIM_Base_Init
 .text.HAL_TIM_Base_MspInit
                0x000000000800614c       0x14 ./Drivers/STM32F4xx_HAL_Driver/Src/stm32f4xx_hal_tim.o
                0x000000000800614c                HAL_TIM_Base_MspInit
 .text.HAL_TIM_Base_Start_IT
                0x0000000008006160      0x18c ./Drivers/STM32F4xx_HAL_Driver/Src/stm32f4xx_hal_tim.o
                0x0000000008006160                HAL_TIM_Base_Start_IT
 .text.HAL_TIM_IRQHandler
                0x00000000080062ec      0x210 ./Drivers/STM32F4xx_HAL_Driver/Src/stm32f4xx_hal_tim.o
                0x00000000080062ec                HAL_TIM_IRQHandler
 .text.HAL_TIM_OC_DelayElapsedCallback
                0x00000000080064fc       0x14 ./Drivers/STM32F4xx_HAL_Driver/Src/stm32f4xx_hal_tim.o
                0x00000000080064fc                HAL_TIM_OC_DelayElapsedCallback
 .text.HAL_TIM_IC_CaptureCallback
                0x0000000008006510       0x14 ./Drivers/STM32F4xx_HAL_Driver/Src/stm32f4xx_hal_tim.o
                0x0000000008006510                HAL_TIM_IC_CaptureCallback
 .text.HAL_TIM_PWM_PulseFinishedCallback
                0x0000000008006524       0x14 ./Drivers/STM32F4xx_HAL_Driver/Src/stm32f4xx_hal_tim.o
                0x0000000008006524                HAL_TIM_PWM_PulseFinishedCallback
 .text.HAL_TIM_TriggerCallback
                0x0000000008006538       0x14 ./Drivers/STM32F4xx_HAL_Driver/Src/stm32f4xx_hal_tim.o
                0x0000000008006538                HAL_TIM_TriggerCallback
 .text.TIM_Base_SetConfig
                0x000000000800654c      0x140 ./Drivers/STM32F4xx_HAL_Driver/Src/stm32f4xx_hal_tim.o
                0x000000000800654c                TIM_Base_SetConfig
 .text.HAL_TIMEx_CommutCallback
                0x000000000800668c       0x14 ./Drivers/STM32F4xx_HAL_Driver/Src/stm32f4xx_hal_tim_ex.o
                0x000000000800668c                HAL_TIMEx_CommutCallback
 .text.HAL_TIMEx_BreakCallback
                0x00000000080066a0       0x14 ./Drivers/STM32F4xx_HAL_Driver/Src/stm32f4xx_hal_tim_ex.o
                0x00000000080066a0                HAL_TIMEx_BreakCallback
 .text.HAL_UART_Init
                0x00000000080066b4      0x1a0 ./Drivers/STM32F4xx_HAL_Driver/Src/stm32f4xx_hal_uart.o
                0x00000000080066b4                HAL_UART_Init
 .text.UART_SetConfig
                0x0000000008006854      0x414 ./Drivers/STM32F4xx_HAL_Driver/Src/stm32f4xx_hal_uart.o
 .text.SDIO_Init
                0x0000000008006c68       0xf4 ./Drivers/STM32F4xx_HAL_Driver/Src/stm32f4xx_ll_sdmmc.o
                0x0000000008006c68                SDIO_Init
 .text.SDIO_ReadFIFO
                0x0000000008006d5c       0x1a ./Drivers/STM32F4xx_HAL_Driver/Src/stm32f4xx_ll_sdmmc.o
                0x0000000008006d5c                SDIO_ReadFIFO
 .text.SDIO_PowerState_ON
                0x0000000008006d76       0x1e ./Drivers/STM32F4xx_HAL_Driver/Src/stm32f4xx_ll_sdmmc.o
                0x0000000008006d76                SDIO_PowerState_ON
 .text.SDIO_GetPowerState
                0x0000000008006d94       0x1c ./Drivers/STM32F4xx_HAL_Driver/Src/stm32f4xx_ll_sdmmc.o
                0x0000000008006d94                SDIO_GetPowerState
 .text.SDIO_SendCommand
                0x0000000008006db0       0xcc ./Drivers/STM32F4xx_HAL_Driver/Src/stm32f4xx_ll_sdmmc.o
                0x0000000008006db0                SDIO_SendCommand
 .text.SDIO_GetCommandResponse
                0x0000000008006e7c       0x1a ./Drivers/STM32F4xx_HAL_Driver/Src/stm32f4xx_ll_sdmmc.o
                0x0000000008006e7c                SDIO_GetCommandResponse
 *fill*         0x0000000008006e96        0x2 
 .text.SDIO_GetResponse
                0x0000000008006e98       0x48 ./Drivers/STM32F4xx_HAL_Driver/Src/stm32f4xx_ll_sdmmc.o
                0x0000000008006e98                SDIO_GetResponse
 .text.SDIO_ConfigData
                0x0000000008006ee0      0x13c ./Drivers/STM32F4xx_HAL_Driver/Src/stm32f4xx_ll_sdmmc.o
                0x0000000008006ee0                SDIO_ConfigData
 .text.SDMMC_CmdBlockLength
                0x000000000800701c       0x44 ./Drivers/STM32F4xx_HAL_Driver/Src/stm32f4xx_ll_sdmmc.o
                0x000000000800701c                SDMMC_CmdBlockLength
 .text.SDMMC_CmdReadSingleBlock
                0x0000000008007060       0x44 ./Drivers/STM32F4xx_HAL_Driver/Src/stm32f4xx_ll_sdmmc.o
                0x0000000008007060                SDMMC_CmdReadSingleBlock
 .text.SDMMC_CmdReadMultiBlock
                0x00000000080070a4       0x44 ./Drivers/STM32F4xx_HAL_Driver/Src/stm32f4xx_ll_sdmmc.o
                0x00000000080070a4                SDMMC_CmdReadMultiBlock
 .text.SDMMC_CmdWriteSingleBlock
                0x00000000080070e8       0x44 ./Drivers/STM32F4xx_HAL_Driver/Src/stm32f4xx_ll_sdmmc.o
                0x00000000080070e8                SDMMC_CmdWriteSingleBlock
 .text.SDMMC_CmdWriteMultiBlock
                0x000000000800712c       0x44 ./Drivers/STM32F4xx_HAL_Driver/Src/stm32f4xx_ll_sdmmc.o
                0x000000000800712c                SDMMC_CmdWriteMultiBlock
 .text.SDMMC_CmdStopTransfer
                0x0000000008007170       0x44 ./Drivers/STM32F4xx_HAL_Driver/Src/stm32f4xx_ll_sdmmc.o
                0x0000000008007170                SDMMC_CmdStopTransfer
 .text.SDMMC_CmdSelDesel
                0x00000000080071b4       0x46 ./Drivers/STM32F4xx_HAL_Driver/Src/stm32f4xx_ll_sdmmc.o
                0x00000000080071b4                SDMMC_CmdSelDesel
 .text.SDMMC_CmdGoIdleState
                0x00000000080071fa       0x3c ./Drivers/STM32F4xx_HAL_Driver/Src/stm32f4xx_ll_sdmmc.o
                0x00000000080071fa                SDMMC_CmdGoIdleState
 .text.SDMMC_CmdOperCond
                0x0000000008007236       0x3e ./Drivers/STM32F4xx_HAL_Driver/Src/stm32f4xx_ll_sdmmc.o
                0x0000000008007236                SDMMC_CmdOperCond
 .text.SDMMC_CmdAppCommand
                0x0000000008007274       0x44 ./Drivers/STM32F4xx_HAL_Driver/Src/stm32f4xx_ll_sdmmc.o
                0x0000000008007274                SDMMC_CmdAppCommand
 .text.SDMMC_CmdAppOperCommand
                0x00000000080072b8       0x46 ./Drivers/STM32F4xx_HAL_Driver/Src/stm32f4xx_ll_sdmmc.o
                0x00000000080072b8                SDMMC_CmdAppOperCommand
 .text.SDMMC_CmdBusWidth
                0x00000000080072fe       0x44 ./Drivers/STM32F4xx_HAL_Driver/Src/stm32f4xx_ll_sdmmc.o
                0x00000000080072fe                SDMMC_CmdBusWidth
 .text.SDMMC_CmdSendSCR
                0x0000000008007342       0x42 ./Drivers/STM32F4xx_HAL_Driver/Src/stm32f4xx_ll_sdmmc.o
                0x0000000008007342                SDMMC_CmdSendSCR
 .text.SDMMC_CmdSendCID
                0x0000000008007384       0x3c ./Drivers/STM32F4xx_HAL_Driver/Src/stm32f4xx_ll_sdmmc.o
                0x0000000008007384                SDMMC_CmdSendCID
 .text.SDMMC_CmdSendCSD
                0x00000000080073c0       0x3e ./Drivers/STM32F4xx_HAL_Driver/Src/stm32f4xx_ll_sdmmc.o
                0x00000000080073c0                SDMMC_CmdSendCSD
 .text.SDMMC_CmdSetRelAdd
                0x00000000080073fe       0x42 ./Drivers/STM32F4xx_HAL_Driver/Src/stm32f4xx_ll_sdmmc.o
                0x00000000080073fe                SDMMC_CmdSetRelAdd
 .text.SDMMC_CmdSendStatus
                0x0000000008007440       0x44 ./Drivers/STM32F4xx_HAL_Driver/Src/stm32f4xx_ll_sdmmc.o
                0x0000000008007440                SDMMC_CmdSendStatus
 .text.SDMMC_GetCmdError
                0x0000000008007484       0x58 ./Drivers/STM32F4xx_HAL_Driver/Src/stm32f4xx_ll_sdmmc.o
 .text.SDMMC_GetCmdResp1
                0x00000000080074dc      0x1dc ./Drivers/STM32F4xx_HAL_Driver/Src/stm32f4xx_ll_sdmmc.o
 .text.SDMMC_GetCmdResp2
                0x00000000080076b8       0x90 ./Drivers/STM32F4xx_HAL_Driver/Src/stm32f4xx_ll_sdmmc.o
 .text.SDMMC_GetCmdResp3
                0x0000000008007748       0x7c ./Drivers/STM32F4xx_HAL_Driver/Src/stm32f4xx_ll_sdmmc.o
 .text.SDMMC_GetCmdResp6
                0x00000000080077c4       0xec ./Drivers/STM32F4xx_HAL_Driver/Src/stm32f4xx_ll_sdmmc.o
 .text.SDMMC_GetCmdResp7
                0x00000000080078b0       0x9c ./Drivers/STM32F4xx_HAL_Driver/Src/stm32f4xx_ll_sdmmc.o
 .text.MX_FATFS_Init
                0x000000000800794c       0x24 ./FATFS/App/fatfs.o
                0x000000000800794c                MX_FATFS_Init
 .text.BSP_SD_Init
                0x0000000008007970       0x4c ./FATFS/Target/bsp_driver_sd.o
                0x0000000008007970                BSP_SD_Init
 .text.BSP_SD_ReadBlocks_DMA
                0x00000000080079bc       0x34 ./FATFS/Target/bsp_driver_sd.o
                0x00000000080079bc                BSP_SD_ReadBlocks_DMA
 .text.BSP_SD_WriteBlocks_DMA
                0x00000000080079f0       0x34 ./FATFS/Target/bsp_driver_sd.o
                0x00000000080079f0                BSP_SD_WriteBlocks_DMA
 .text.BSP_SD_GetCardState
                0x0000000008007a24       0x20 ./FATFS/Target/bsp_driver_sd.o
                0x0000000008007a24                BSP_SD_GetCardState
 .text.BSP_SD_GetCardInfo
                0x0000000008007a44       0x1c ./FATFS/Target/bsp_driver_sd.o
                0x0000000008007a44                BSP_SD_GetCardInfo
 .text.HAL_SD_RxCpltCallback
                0x0000000008007a60       0x14 ./FATFS/Target/bsp_driver_sd.o
                0x0000000008007a60                HAL_SD_RxCpltCallback
 .text.BSP_SD_IsDetected
                0x0000000008007a74       0x24 ./FATFS/Target/bsp_driver_sd.o
                0x0000000008007a74                BSP_SD_IsDetected
 .text.BSP_PlatformIsDetected
                0x0000000008007a98       0x2c ./FATFS/Target/fatfs_platform.o
                0x0000000008007a98                BSP_PlatformIsDetected
 .text.SD_CheckStatusWithTimeout
                0x0000000008007ac4       0x3a ./FATFS/Target/sd_diskio.o
 *fill*         0x0000000008007afe        0x2 
 .text.SD_CheckStatus
                0x0000000008007b00       0x3c ./FATFS/Target/sd_diskio.o
 .text.SD_initialize
                0x0000000008007b3c       0x98 ./FATFS/Target/sd_diskio.o
                0x0000000008007b3c                SD_initialize
 .text.SD_status
                0x0000000008007bd4       0x1c ./FATFS/Target/sd_diskio.o
                0x0000000008007bd4                SD_status
 .text.SD_read  0x0000000008007bf0       0x9c ./FATFS/Target/sd_diskio.o
                0x0000000008007bf0                SD_read
 .text.SD_write
                0x0000000008007c8c       0x94 ./FATFS/Target/sd_diskio.o
                0x0000000008007c8c                SD_write
 .text.SD_ioctl
                0x0000000008007d20       0xb0 ./FATFS/Target/sd_diskio.o
                0x0000000008007d20                SD_ioctl
 .text.BSP_SD_ReadCpltCallback
                0x0000000008007dd0       0x1c ./FATFS/Target/sd_diskio.o
                0x0000000008007dd0                BSP_SD_ReadCpltCallback
 .text.FATFS_LinkDriverEx
                0x0000000008007dec       0x98 ./Middlewares/Third_Party/FatFs/src/ff_gen_drv.o
                0x0000000008007dec                FATFS_LinkDriverEx
 .text.FATFS_LinkDriver
                0x0000000008007e84       0x1e ./Middlewares/Third_Party/FatFs/src/ff_gen_drv.o
                0x0000000008007e84                FATFS_LinkDriver
 .text.makeFreeRtosPriority
                0x0000000008007ea2       0x30 ./Middlewares/Third_Party/FreeRTOS/Source/CMSIS_RTOS/cmsis_os.o
 .text.inHandlerMode
                0x0000000008007ed2       0x24 ./Middlewares/Third_Party/FreeRTOS/Source/CMSIS_RTOS/cmsis_os.o
 .text.osKernelStart
                0x0000000008007ef6        0xe ./Middlewares/Third_Party/FreeRTOS/Source/CMSIS_RTOS/cmsis_os.o
                0x0000000008007ef6                osKernelStart
 .text.osKernelRunning
                0x0000000008007f04       0x18 ./Middlewares/Third_Party/FreeRTOS/Source/CMSIS_RTOS/cmsis_os.o
                0x0000000008007f04                osKernelRunning
 .text.osKernelSysTick
                0x0000000008007f1c       0x20 ./Middlewares/Third_Party/FreeRTOS/Source/CMSIS_RTOS/cmsis_os.o
                0x0000000008007f1c                osKernelSysTick
 .text.osThreadCreate
                0x0000000008007f3c       0x98 ./Middlewares/Third_Party/FreeRTOS/Source/CMSIS_RTOS/cmsis_os.o
                0x0000000008007f3c                osThreadCreate
 .text.osDelay  0x0000000008007fd4       0x28 ./Middlewares/Third_Party/FreeRTOS/Source/CMSIS_RTOS/cmsis_os.o
                0x0000000008007fd4                osDelay
 .text.osMessageCreate
                0x0000000008007ffc       0x50 ./Middlewares/Third_Party/FreeRTOS/Source/CMSIS_RTOS/cmsis_os.o
                0x0000000008007ffc                osMessageCreate
 .text.osMessagePut
                0x000000000800804c       0x80 ./Middlewares/Third_Party/FreeRTOS/Source/CMSIS_RTOS/cmsis_os.o
                0x000000000800804c                osMessagePut
 .text.osMessageGet
                0x00000000080080cc       0xe8 ./Middlewares/Third_Party/FreeRTOS/Source/CMSIS_RTOS/cmsis_os.o
                0x00000000080080cc                osMessageGet
 .text.vListInitialise
                0x00000000080081b4       0x40 ./Middlewares/Third_Party/FreeRTOS/Source/list.o
                0x00000000080081b4                vListInitialise
 .text.vListInitialiseItem
                0x00000000080081f4       0x1a ./Middlewares/Third_Party/FreeRTOS/Source/list.o
                0x00000000080081f4                vListInitialiseItem
 .text.vListInsertEnd
                0x000000000800820e       0x48 ./Middlewares/Third_Party/FreeRTOS/Source/list.o
                0x000000000800820e                vListInsertEnd
 .text.vListInsert
                0x0000000008008256       0x72 ./Middlewares/Third_Party/FreeRTOS/Source/list.o
                0x0000000008008256                vListInsert
 .text.uxListRemove
                0x00000000080082c8       0x54 ./Middlewares/Third_Party/FreeRTOS/Source/list.o
                0x00000000080082c8                uxListRemove
 .text.xQueueGenericReset
                0x000000000800831c       0xd0 ./Middlewares/Third_Party/FreeRTOS/Source/queue.o
                0x000000000800831c                xQueueGenericReset
 .text.xQueueGenericCreateStatic
                0x00000000080083ec       0xf0 ./Middlewares/Third_Party/FreeRTOS/Source/queue.o
                0x00000000080083ec                xQueueGenericCreateStatic
 .text.xQueueGenericCreate
                0x00000000080084dc       0x74 ./Middlewares/Third_Party/FreeRTOS/Source/queue.o
                0x00000000080084dc                xQueueGenericCreate
 .text.prvInitialiseNewQueue
                0x0000000008008550       0x3e ./Middlewares/Third_Party/FreeRTOS/Source/queue.o
 *fill*         0x000000000800858e        0x2 
 .text.xQueueGenericSend
                0x0000000008008590      0x1fc ./Middlewares/Third_Party/FreeRTOS/Source/queue.o
                0x0000000008008590                xQueueGenericSend
 .text.xQueueGenericSendFromISR
                0x000000000800878c      0x136 ./Middlewares/Third_Party/FreeRTOS/Source/queue.o
                0x000000000800878c                xQueueGenericSendFromISR
 *fill*         0x00000000080088c2        0x2 
 .text.xQueueReceive
                0x00000000080088c4      0x1c0 ./Middlewares/Third_Party/FreeRTOS/Source/queue.o
                0x00000000080088c4                xQueueReceive
 .text.xQueueReceiveFromISR
                0x0000000008008a84      0x100 ./Middlewares/Third_Party/FreeRTOS/Source/queue.o
                0x0000000008008a84                xQueueReceiveFromISR
 .text.prvCopyDataToQueue
                0x0000000008008b84       0xd4 ./Middlewares/Third_Party/FreeRTOS/Source/queue.o
 .text.prvCopyDataFromQueue
                0x0000000008008c58       0x4c ./Middlewares/Third_Party/FreeRTOS/Source/queue.o
 .text.prvUnlockQueue
                0x0000000008008ca4       0xa4 ./Middlewares/Third_Party/FreeRTOS/Source/queue.o
 .text.prvIsQueueEmpty
                0x0000000008008d48       0x2c ./Middlewares/Third_Party/FreeRTOS/Source/queue.o
 .text.prvIsQueueFull
                0x0000000008008d74       0x30 ./Middlewares/Third_Party/FreeRTOS/Source/queue.o
 .text.xTaskCreateStatic
                0x0000000008008da4       0xbe ./Middlewares/Third_Party/FreeRTOS/Source/tasks.o
                0x0000000008008da4                xTaskCreateStatic
 .text.xTaskCreate
                0x0000000008008e62       0x8c ./Middlewares/Third_Party/FreeRTOS/Source/tasks.o
                0x0000000008008e62                xTaskCreate
 .text.prvInitialiseNewTask
                0x0000000008008eee      0x18e ./Middlewares/Third_Party/FreeRTOS/Source/tasks.o
 .text.prvAddNewTaskToReadyList
                0x000000000800907c       0xd4 ./Middlewares/Third_Party/FreeRTOS/Source/tasks.o
 .text.vTaskDelete
                0x0000000008009150      0x120 ./Middlewares/Third_Party/FreeRTOS/Source/tasks.o
                0x0000000008009150                vTaskDelete
 .text.vTaskDelay
                0x0000000008009270       0x68 ./Middlewares/Third_Party/FreeRTOS/Source/tasks.o
                0x0000000008009270                vTaskDelay
 .text.vTaskStartScheduler
                0x00000000080092d8       0xd4 ./Middlewares/Third_Party/FreeRTOS/Source/tasks.o
                0x00000000080092d8                vTaskStartScheduler
 .text.vTaskEndScheduler
                0x00000000080093ac       0x30 ./Middlewares/Third_Party/FreeRTOS/Source/tasks.o
                0x00000000080093ac                vTaskEndScheduler
 .text.vTaskSuspendAll
                0x00000000080093dc       0x1c ./Middlewares/Third_Party/FreeRTOS/Source/tasks.o
                0x00000000080093dc                vTaskSuspendAll
 .text.xTaskResumeAll
                0x00000000080093f8      0x138 ./Middlewares/Third_Party/FreeRTOS/Source/tasks.o
                0x00000000080093f8                xTaskResumeAll
 .text.xTaskGetTickCount
                0x0000000008009530       0x20 ./Middlewares/Third_Party/FreeRTOS/Source/tasks.o
                0x0000000008009530                xTaskGetTickCount
 .text.xTaskGetTickCountFromISR
                0x0000000008009550       0x24 ./Middlewares/Third_Party/FreeRTOS/Source/tasks.o
                0x0000000008009550                xTaskGetTickCountFromISR
 .text.xTaskIncrementTick
                0x0000000008009574      0x170 ./Middlewares/Third_Party/FreeRTOS/Source/tasks.o
                0x0000000008009574                xTaskIncrementTick
 .text.vTaskSwitchContext
                0x00000000080096e4       0xc4 ./Middlewares/Third_Party/FreeRTOS/Source/tasks.o
                0x00000000080096e4                vTaskSwitchContext
 .text.vTaskPlaceOnEventList
                0x00000000080097a8       0x48 ./Middlewares/Third_Party/FreeRTOS/Source/tasks.o
                0x00000000080097a8                vTaskPlaceOnEventList
 .text.xTaskRemoveFromEventList
                0x00000000080097f0       0xc4 ./Middlewares/Third_Party/FreeRTOS/Source/tasks.o
                0x00000000080097f0                xTaskRemoveFromEventList
 .text.vTaskInternalSetTimeOutState
                0x00000000080098b4       0x2c ./Middlewares/Third_Party/FreeRTOS/Source/tasks.o
                0x00000000080098b4                vTaskInternalSetTimeOutState
 .text.xTaskCheckForTimeOut
                0x00000000080098e0       0xc4 ./Middlewares/Third_Party/FreeRTOS/Source/tasks.o
                0x00000000080098e0                xTaskCheckForTimeOut
 .text.vTaskMissedYield
                0x00000000080099a4       0x18 ./Middlewares/Third_Party/FreeRTOS/Source/tasks.o
                0x00000000080099a4                vTaskMissedYield
 .text.prvIdleTask
                0x00000000080099bc       0x30 ./Middlewares/Third_Party/FreeRTOS/Source/tasks.o
 .text.prvInitialiseTaskLists
                0x00000000080099ec       0x80 ./Middlewares/Third_Party/FreeRTOS/Source/tasks.o
 .text.prvCheckTasksWaitingTermination
                0x0000000008009a6c       0x5c ./Middlewares/Third_Party/FreeRTOS/Source/tasks.o
 .text.prvDeleteTCB
                0x0000000008009ac8       0x68 ./Middlewares/Third_Party/FreeRTOS/Source/tasks.o
 .text.prvResetNextTaskUnblockTime
                0x0000000008009b30       0x40 ./Middlewares/Third_Party/FreeRTOS/Source/tasks.o
 .text.xTaskGetSchedulerState
                0x0000000008009b70       0x3c ./Middlewares/Third_Party/FreeRTOS/Source/tasks.o
                0x0000000008009b70                xTaskGetSchedulerState
 .text.xTaskPriorityDisinherit
                0x0000000008009bac      0x10c ./Middlewares/Third_Party/FreeRTOS/Source/tasks.o
                0x0000000008009bac                xTaskPriorityDisinherit
 .text.prvAddCurrentTaskToDelayedList
                0x0000000008009cb8       0xcc ./Middlewares/Third_Party/FreeRTOS/Source/tasks.o
 .text.pxPortInitialiseStack
                0x0000000008009d84       0x68 ./Middlewares/Third_Party/FreeRTOS/Source/portable/GCC/ARM_CM4F/port.o
                0x0000000008009d84                pxPortInitialiseStack
 .text.prvTaskExitError
                0x0000000008009dec       0x58 ./Middlewares/Third_Party/FreeRTOS/Source/portable/GCC/ARM_CM4F/port.o
 *fill*         0x0000000008009e44        0xc 
 .text.SVC_Handler
                0x0000000008009e50       0x28 ./Middlewares/Third_Party/FreeRTOS/Source/portable/GCC/ARM_CM4F/port.o
                0x0000000008009e50                SVC_Handler
 .text.prvPortStartFirstTask
                0x0000000008009e78       0x28 ./Middlewares/Third_Party/FreeRTOS/Source/portable/GCC/ARM_CM4F/port.o
 .text.xPortStartScheduler
                0x0000000008009ea0      0x144 ./Middlewares/Third_Party/FreeRTOS/Source/portable/GCC/ARM_CM4F/port.o
                0x0000000008009ea0                xPortStartScheduler
 .text.vPortEndScheduler
                0x0000000008009fe4       0x38 ./Middlewares/Third_Party/FreeRTOS/Source/portable/GCC/ARM_CM4F/port.o
                0x0000000008009fe4                vPortEndScheduler
 .text.vPortEnterCritical
                0x000000000800a01c       0x60 ./Middlewares/Third_Party/FreeRTOS/Source/portable/GCC/ARM_CM4F/port.o
                0x000000000800a01c                vPortEnterCritical
 .text.vPortExitCritical
                0x000000000800a07c       0x54 ./Middlewares/Third_Party/FreeRTOS/Source/portable/GCC/ARM_CM4F/port.o
                0x000000000800a07c                vPortExitCritical
 .text.PendSV_Handler
                0x000000000800a0d0       0x68 ./Middlewares/Third_Party/FreeRTOS/Source/portable/GCC/ARM_CM4F/port.o
                0x000000000800a0d0                PendSV_Handler
 .text.SysTick_Handler
                0x000000000800a138       0x44 ./Middlewares/Third_Party/FreeRTOS/Source/portable/GCC/ARM_CM4F/port.o
                0x000000000800a138                SysTick_Handler
 .text.vPortSetupTimerInterrupt
                0x000000000800a17c       0x48 ./Middlewares/Third_Party/FreeRTOS/Source/portable/GCC/ARM_CM4F/port.o
                0x000000000800a17c                vPortSetupTimerInterrupt
 .text.vPortEnableVFP
                0x000000000800a1c4       0x14 ./Middlewares/Third_Party/FreeRTOS/Source/portable/GCC/ARM_CM4F/port.o
 .text.vPortValidateInterruptPriority
                0x000000000800a1d8       0x80 ./Middlewares/Third_Party/FreeRTOS/Source/portable/GCC/ARM_CM4F/port.o
                0x000000000800a1d8                vPortValidateInterruptPriority
 .text.pvPortMalloc
                0x000000000800a258      0x198 ./Middlewares/Third_Party/FreeRTOS/Source/portable/MemMang/heap_4.o
                0x000000000800a258                pvPortMalloc
 .text.vPortFree
                0x000000000800a3f0       0xc4 ./Middlewares/Third_Party/FreeRTOS/Source/portable/MemMang/heap_4.o
                0x000000000800a3f0                vPortFree
 .text.prvHeapInit
                0x000000000800a4b4       0xc4 ./Middlewares/Third_Party/FreeRTOS/Source/portable/MemMang/heap_4.o
 .text.prvInsertBlockIntoFreeList
                0x000000000800a578       0xb4 ./Middlewares/Third_Party/FreeRTOS/Source/portable/MemMang/heap_4.o
 .text.__errno  0x000000000800a62c        0xc /opt/st/stm32cubeide_1.8.0/plugins/com.st.stm32cube.ide.mcu.externaltools.gnu-tools-for-stm32.9-2020-q2-update.linux64_2.0.0.202105311346/tools/bin/../lib/gcc/arm-none-eabi/9.3.1/../../../../arm-none-eabi/lib/thumb/v7e-m+fp/hard/libc.a(lib_a-errno.o)
                0x000000000800a62c                __errno
 .text.__libc_init_array
                0x000000000800a638       0x48 /opt/st/stm32cubeide_1.8.0/plugins/com.st.stm32cube.ide.mcu.externaltools.gnu-tools-for-stm32.9-2020-q2-update.linux64_2.0.0.202105311346/tools/bin/../lib/gcc/arm-none-eabi/9.3.1/../../../../arm-none-eabi/lib/thumb/v7e-m+fp/hard/libc.a(lib_a-init.o)
                0x000000000800a638                __libc_init_array
 .text.memcpy   0x000000000800a680       0x1c /opt/st/stm32cubeide_1.8.0/plugins/com.st.stm32cube.ide.mcu.externaltools.gnu-tools-for-stm32.9-2020-q2-update.linux64_2.0.0.202105311346/tools/bin/../lib/gcc/arm-none-eabi/9.3.1/../../../../arm-none-eabi/lib/thumb/v7e-m+fp/hard/libc.a(lib_a-memcpy-stub.o)
                0x000000000800a680                memcpy
 .text.memset   0x000000000800a69c       0x10 /opt/st/stm32cubeide_1.8.0/plugins/com.st.stm32cube.ide.mcu.externaltools.gnu-tools-for-stm32.9-2020-q2-update.linux64_2.0.0.202105311346/tools/bin/../lib/gcc/arm-none-eabi/9.3.1/../../../../arm-none-eabi/lib/thumb/v7e-m+fp/hard/libc.a(lib_a-memset.o)
                0x000000000800a69c                memset
 .text.__malloc_lock
                0x000000000800a6ac        0xc /opt/st/stm32cubeide_1.8.0/plugins/com.st.stm32cube.ide.mcu.externaltools.gnu-tools-for-stm32.9-2020-q2-update.linux64_2.0.0.202105311346/tools/bin/../lib/gcc/arm-none-eabi/9.3.1/../../../../arm-none-eabi/lib/thumb/v7e-m+fp/hard/libc.a(lib_a-mlock.o)
                0x000000000800a6ac                __malloc_lock
 .text.__malloc_unlock
                0x000000000800a6b8        0xc /opt/st/stm32cubeide_1.8.0/plugins/com.st.stm32cube.ide.mcu.externaltools.gnu-tools-for-stm32.9-2020-q2-update.linux64_2.0.0.202105311346/tools/bin/../lib/gcc/arm-none-eabi/9.3.1/../../../../arm-none-eabi/lib/thumb/v7e-m+fp/hard/libc.a(lib_a-mlock.o)
                0x000000000800a6b8                __malloc_unlock
 .text.cleanup_glue
                0x000000000800a6c4       0x1a /opt/st/stm32cubeide_1.8.0/plugins/com.st.stm32cube.ide.mcu.externaltools.gnu-tools-for-stm32.9-2020-q2-update.linux64_2.0.0.202105311346/tools/bin/../lib/gcc/arm-none-eabi/9.3.1/../../../../arm-none-eabi/lib/thumb/v7e-m+fp/hard/libc.a(lib_a-reent.o)
                0x000000000800a6c4                cleanup_glue
 *fill*         0x000000000800a6de        0x2 
 .text._reclaim_reent
                0x000000000800a6e0       0x88 /opt/st/stm32cubeide_1.8.0/plugins/com.st.stm32cube.ide.mcu.externaltools.gnu-tools-for-stm32.9-2020-q2-update.linux64_2.0.0.202105311346/tools/bin/../lib/gcc/arm-none-eabi/9.3.1/../../../../arm-none-eabi/lib/thumb/v7e-m+fp/hard/libc.a(lib_a-reent.o)
                0x000000000800a6e0                _reclaim_reent
 .text._sbrk_r  0x000000000800a768       0x20 /opt/st/stm32cubeide_1.8.0/plugins/com.st.stm32cube.ide.mcu.externaltools.gnu-tools-for-stm32.9-2020-q2-update.linux64_2.0.0.202105311346/tools/bin/../lib/gcc/arm-none-eabi/9.3.1/../../../../arm-none-eabi/lib/thumb/v7e-m+fp/hard/libc.a(lib_a-sbrkr.o)
                0x000000000800a768                _sbrk_r
 .text.sysconf  0x000000000800a788       0x1a /opt/st/stm32cubeide_1.8.0/plugins/com.st.stm32cube.ide.mcu.externaltools.gnu-tools-for-stm32.9-2020-q2-update.linux64_2.0.0.202105311346/tools/bin/../lib/gcc/arm-none-eabi/9.3.1/../../../../arm-none-eabi/lib/thumb/v7e-m+fp/hard/libc.a(lib_a-sysconf.o)
                0x000000000800a788                sysconf
 *fill*         0x000000000800a7a2        0x2 
 .text.startup.register_fini
                0x000000000800a7a4       0x14 /opt/st/stm32cubeide_1.8.0/plugins/com.st.stm32cube.ide.mcu.externaltools.gnu-tools-for-stm32.9-2020-q2-update.linux64_2.0.0.202105311346/tools/bin/../lib/gcc/arm-none-eabi/9.3.1/../../../../arm-none-eabi/lib/thumb/v7e-m+fp/hard/libc.a(lib_a-__call_atexit.o)
 .text.atexit   0x000000000800a7b8        0xc /opt/st/stm32cubeide_1.8.0/plugins/com.st.stm32cube.ide.mcu.externaltools.gnu-tools-for-stm32.9-2020-q2-update.linux64_2.0.0.202105311346/tools/bin/../lib/gcc/arm-none-eabi/9.3.1/../../../../arm-none-eabi/lib/thumb/v7e-m+fp/hard/libc.a(lib_a-atexit.o)
                0x000000000800a7b8                atexit
 .text.__libc_fini_array
                0x000000000800a7c4       0x28 /opt/st/stm32cubeide_1.8.0/plugins/com.st.stm32cube.ide.mcu.externaltools.gnu-tools-for-stm32.9-2020-q2-update.linux64_2.0.0.202105311346/tools/bin/../lib/gcc/arm-none-eabi/9.3.1/../../../../arm-none-eabi/lib/thumb/v7e-m+fp/hard/libc.a(lib_a-fini.o)
                0x000000000800a7c4                __libc_fini_array
 .text._malloc_trim_r
                0x000000000800a7ec       0xa8 /opt/st/stm32cubeide_1.8.0/plugins/com.st.stm32cube.ide.mcu.externaltools.gnu-tools-for-stm32.9-2020-q2-update.linux64_2.0.0.202105311346/tools/bin/../lib/gcc/arm-none-eabi/9.3.1/../../../../arm-none-eabi/lib/thumb/v7e-m+fp/hard/libc.a(lib_a-freer.o)
                0x000000000800a7ec                _malloc_trim_r
 .text._free_r  0x000000000800a894      0x180 /opt/st/stm32cubeide_1.8.0/plugins/com.st.stm32cube.ide.mcu.externaltools.gnu-tools-for-stm32.9-2020-q2-update.linux64_2.0.0.202105311346/tools/bin/../lib/gcc/arm-none-eabi/9.3.1/../../../../arm-none-eabi/lib/thumb/v7e-m+fp/hard/libc.a(lib_a-freer.o)
                0x000000000800a894                _free_r
 .text.__register_exitproc
                0x000000000800aa14       0x80 /opt/st/stm32cubeide_1.8.0/plugins/com.st.stm32cube.ide.mcu.externaltools.gnu-tools-for-stm32.9-2020-q2-update.linux64_2.0.0.202105311346/tools/bin/../lib/gcc/arm-none-eabi/9.3.1/../../../../arm-none-eabi/lib/thumb/v7e-m+fp/hard/libc.a(lib_a-__atexit.o)
                0x000000000800aa14                __register_exitproc
 *(.glue_7)
 .glue_7        0x000000000800aa94        0x0 linker stubs
 *(.glue_7t)
 .glue_7t       0x000000000800aa94        0x0 linker stubs
 *(.eh_frame)
 .eh_frame      0x000000000800aa94        0x0 /opt/st/stm32cubeide_1.8.0/plugins/com.st.stm32cube.ide.mcu.externaltools.gnu-tools-for-stm32.9-2020-q2-update.linux64_2.0.0.202105311346/tools/bin/../lib/gcc/arm-none-eabi/9.3.1/thumb/v7e-m+fp/hard/crtbegin.o
 *(.init)
 .init          0x000000000800aa94        0x4 /opt/st/stm32cubeide_1.8.0/plugins/com.st.stm32cube.ide.mcu.externaltools.gnu-tools-for-stm32.9-2020-q2-update.linux64_2.0.0.202105311346/tools/bin/../lib/gcc/arm-none-eabi/9.3.1/thumb/v7e-m+fp/hard/crti.o
                0x000000000800aa94                _init
 .init          0x000000000800aa98        0x8 /opt/st/stm32cubeide_1.8.0/plugins/com.st.stm32cube.ide.mcu.externaltools.gnu-tools-for-stm32.9-2020-q2-update.linux64_2.0.0.202105311346/tools/bin/../lib/gcc/arm-none-eabi/9.3.1/thumb/v7e-m+fp/hard/crtn.o
 *(.fini)
 .fini          0x000000000800aaa0        0x4 /opt/st/stm32cubeide_1.8.0/plugins/com.st.stm32cube.ide.mcu.externaltools.gnu-tools-for-stm32.9-2020-q2-update.linux64_2.0.0.202105311346/tools/bin/../lib/gcc/arm-none-eabi/9.3.1/thumb/v7e-m+fp/hard/crti.o
                0x000000000800aaa0                _fini
 .fini          0x000000000800aaa4        0x8 /opt/st/stm32cubeide_1.8.0/plugins/com.st.stm32cube.ide.mcu.externaltools.gnu-tools-for-stm32.9-2020-q2-update.linux64_2.0.0.202105311346/tools/bin/../lib/gcc/arm-none-eabi/9.3.1/thumb/v7e-m+fp/hard/crtn.o
                0x000000000800aaac                . = ALIGN (0x4)
                0x000000000800aaac                _etext = .

.vfp11_veneer   0x000000000800aaac        0x0
 .vfp11_veneer  0x000000000800aaac        0x0 linker stubs

.v4_bx          0x000000000800aaac        0x0
 .v4_bx         0x000000000800aaac        0x0 linker stubs

.iplt           0x000000000800aaac        0x0
 .iplt          0x000000000800aaac        0x0 /opt/st/stm32cubeide_1.8.0/plugins/com.st.stm32cube.ide.mcu.externaltools.gnu-tools-for-stm32.9-2020-q2-update.linux64_2.0.0.202105311346/tools/bin/../lib/gcc/arm-none-eabi/9.3.1/thumb/v7e-m+fp/hard/crtbegin.o

.rodata         0x000000000800aaac      0x374
                0x000000000800aaac                . = ALIGN (0x4)
 *(.rodata)
 .rodata        0x000000000800aaac       0x12 ./Core/Src/UJI/SecondMain.o
 *fill*         0x000000000800aabe        0x2 
 .rodata        0x000000000800aac0       0x28 ./Core/Src/main.o
 .rodata        0x000000000800aae8       0x38 ./Drivers/STM32F4xx_HAL_Driver/Src/stm32f4xx_hal_adc.o
 .rodata        0x000000000800ab20       0x38 ./Drivers/STM32F4xx_HAL_Driver/Src/stm32f4xx_hal_can.o
 .rodata        0x000000000800ab58       0x3b ./Drivers/STM32F4xx_HAL_Driver/Src/stm32f4xx_hal_cortex.o
 *fill*         0x000000000800ab93        0x1 
 .rodata        0x000000000800ab94       0x38 ./Drivers/STM32F4xx_HAL_Driver/Src/stm32f4xx_hal_crc.o
 .rodata        0x000000000800abcc       0x38 ./Drivers/STM32F4xx_HAL_Driver/Src/stm32f4xx_hal_dac.o
 .rodata        0x000000000800ac04       0x38 ./Drivers/STM32F4xx_HAL_Driver/Src/stm32f4xx_hal_dma.o
 .rodata        0x000000000800ac3c       0x39 ./Drivers/STM32F4xx_HAL_Driver/Src/stm32f4xx_hal_gpio.o
 *fill*         0x000000000800ac75        0x3 
 .rodata        0x000000000800ac78       0x38 ./Drivers/STM32F4xx_HAL_Driver/Src/stm32f4xx_hal_rcc.o
 .rodata        0x000000000800acb0       0x37 ./Drivers/STM32F4xx_HAL_Driver/Src/stm32f4xx_hal_sd.o
 *fill*         0x000000000800ace7        0x1 
 .rodata        0x000000000800ace8       0x38 ./Drivers/STM32F4xx_HAL_Driver/Src/stm32f4xx_hal_spi.o
 .rodata        0x000000000800ad20       0x38 ./Drivers/STM32F4xx_HAL_Driver/Src/stm32f4xx_hal_tim.o
 .rodata        0x000000000800ad58       0x39 ./Drivers/STM32F4xx_HAL_Driver/Src/stm32f4xx_hal_uart.o
 *fill*         0x000000000800ad91        0x3 
 .rodata        0x000000000800ad94       0x39 ./Drivers/STM32F4xx_HAL_Driver/Src/stm32f4xx_ll_sdmmc.o
 *fill*         0x000000000800adcd        0x3 
 .rodata        0x000000000800add0       0x10 ./FATFS/Target/sd_diskio.o
 .rodata        0x000000000800ade0        0x5 ./Middlewares/Third_Party/FreeRTOS/Source/tasks.o
 *(.rodata*)
 *fill*         0x000000000800ade5        0x3 
 .rodata.AHBPrescTable
                0x000000000800ade8       0x10 ./Core/Src/system_stm32f4xx.o
                0x000000000800ade8                AHBPrescTable
 .rodata.APBPrescTable
                0x000000000800adf8        0x8 ./Core/Src/system_stm32f4xx.o
                0x000000000800adf8                APBPrescTable
 .rodata.flagBitshiftOffset.9539
                0x000000000800ae00        0x8 ./Drivers/STM32F4xx_HAL_Driver/Src/stm32f4xx_hal_dma.o
 .rodata.SD_Driver
                0x000000000800ae08       0x14 ./FATFS/Target/sd_diskio.o
                0x000000000800ae08                SD_Driver
 .rodata._global_impure_ptr
                0x000000000800ae1c        0x4 /opt/st/stm32cubeide_1.8.0/plugins/com.st.stm32cube.ide.mcu.externaltools.gnu-tools-for-stm32.9-2020-q2-update.linux64_2.0.0.202105311346/tools/bin/../lib/gcc/arm-none-eabi/9.3.1/../../../../arm-none-eabi/lib/thumb/v7e-m+fp/hard/libc.a(lib_a-impure.o)
                0x000000000800ae1c                _global_impure_ptr
                0x000000000800ae20                . = ALIGN (0x4)

.ARM.extab      0x000000000800ae20        0x0
                0x000000000800ae20                . = ALIGN (0x4)
 *(.ARM.extab* .gnu.linkonce.armextab.*)
                0x000000000800ae20                . = ALIGN (0x4)

.ARM            0x000000000800ae20        0x8
                0x000000000800ae20                . = ALIGN (0x4)
                0x000000000800ae20                __exidx_start = .
 *(.ARM.exidx*)
 .ARM.exidx     0x000000000800ae20        0x8 /opt/st/stm32cubeide_1.8.0/plugins/com.st.stm32cube.ide.mcu.externaltools.gnu-tools-for-stm32.9-2020-q2-update.linux64_2.0.0.202105311346/tools/bin/../lib/gcc/arm-none-eabi/9.3.1/thumb/v7e-m+fp/hard/libgcc.a(_udivmoddi4.o)
                0x000000000800ae28                __exidx_end = .
                0x000000000800ae28                . = ALIGN (0x4)

.rel.dyn        0x000000000800ae28        0x0
 .rel.iplt      0x000000000800ae28        0x0 /opt/st/stm32cubeide_1.8.0/plugins/com.st.stm32cube.ide.mcu.externaltools.gnu-tools-for-stm32.9-2020-q2-update.linux64_2.0.0.202105311346/tools/bin/../lib/gcc/arm-none-eabi/9.3.1/thumb/v7e-m+fp/hard/crtbegin.o

.preinit_array  0x000000000800ae28        0x0
                0x000000000800ae28                . = ALIGN (0x4)
                0x000000000800ae28                PROVIDE (__preinit_array_start = .)
 *(.preinit_array*)
                0x000000000800ae28                PROVIDE (__preinit_array_end = .)
                0x000000000800ae28                . = ALIGN (0x4)

.init_array     0x000000000800ae28        0x8
                0x000000000800ae28                . = ALIGN (0x4)
                0x000000000800ae28                PROVIDE (__init_array_start = .)
 *(SORT_BY_NAME(.init_array.*))
 .init_array.00000
                0x000000000800ae28        0x4 /opt/st/stm32cubeide_1.8.0/plugins/com.st.stm32cube.ide.mcu.externaltools.gnu-tools-for-stm32.9-2020-q2-update.linux64_2.0.0.202105311346/tools/bin/../lib/gcc/arm-none-eabi/9.3.1/../../../../arm-none-eabi/lib/thumb/v7e-m+fp/hard/libc.a(lib_a-__call_atexit.o)
 *(.init_array*)
 .init_array    0x000000000800ae2c        0x4 /opt/st/stm32cubeide_1.8.0/plugins/com.st.stm32cube.ide.mcu.externaltools.gnu-tools-for-stm32.9-2020-q2-update.linux64_2.0.0.202105311346/tools/bin/../lib/gcc/arm-none-eabi/9.3.1/thumb/v7e-m+fp/hard/crtbegin.o
                0x000000000800ae30                PROVIDE (__init_array_end = .)
                0x000000000800ae30                . = ALIGN (0x4)

.fini_array     0x000000000800ae30        0x4
                0x000000000800ae30                . = ALIGN (0x4)
                0x000000000800ae30                PROVIDE (__fini_array_start = .)
 *(SORT_BY_NAME(.fini_array.*))
 *(.fini_array*)
 .fini_array    0x000000000800ae30        0x4 /opt/st/stm32cubeide_1.8.0/plugins/com.st.stm32cube.ide.mcu.externaltools.gnu-tools-for-stm32.9-2020-q2-update.linux64_2.0.0.202105311346/tools/bin/../lib/gcc/arm-none-eabi/9.3.1/thumb/v7e-m+fp/hard/crtbegin.o
                0x000000000800ae34                PROVIDE (__fini_array_end = .)
                0x000000000800ae34                . = ALIGN (0x4)
                0x000000000800ae34                _sidata = LOADADDR (.data)

.data           0x0000000020000000      0x854 load address 0x000000000800ae34
                0x0000000020000000                . = ALIGN (0x4)
                0x0000000020000000                _sdata = .
 *(.data)
 *(.data*)
 .data.SystemCoreClock
                0x0000000020000000        0x4 ./Core/Src/system_stm32f4xx.o
                0x0000000020000000                SystemCoreClock
 .data.uwTickPrio
                0x0000000020000004        0x4 ./Drivers/STM32F4xx_HAL_Driver/Src/stm32f4xx_hal.o
                0x0000000020000004                uwTickPrio
 .data.uwTickFreq
                0x0000000020000008        0x1 ./Drivers/STM32F4xx_HAL_Driver/Src/stm32f4xx_hal.o
                0x0000000020000008                uwTickFreq
 .data.Stat     0x0000000020000009        0x1 ./FATFS/Target/sd_diskio.o
 *fill*         0x000000002000000a        0x2 
 .data.uxCriticalNesting
                0x000000002000000c        0x4 ./Middlewares/Third_Party/FreeRTOS/Source/portable/GCC/ARM_CM4F/port.o
 .data._impure_ptr
                0x0000000020000010        0x4 /opt/st/stm32cubeide_1.8.0/plugins/com.st.stm32cube.ide.mcu.externaltools.gnu-tools-for-stm32.9-2020-q2-update.linux64_2.0.0.202105311346/tools/bin/../lib/gcc/arm-none-eabi/9.3.1/../../../../arm-none-eabi/lib/thumb/v7e-m+fp/hard/libc.a(lib_a-impure.o)
                0x0000000020000010                _impure_ptr
 *fill*         0x0000000020000014        0x4 
 .data.impure_data
                0x0000000020000018      0x428 /opt/st/stm32cubeide_1.8.0/plugins/com.st.stm32cube.ide.mcu.externaltools.gnu-tools-for-stm32.9-2020-q2-update.linux64_2.0.0.202105311346/tools/bin/../lib/gcc/arm-none-eabi/9.3.1/../../../../arm-none-eabi/lib/thumb/v7e-m+fp/hard/libc.a(lib_a-impure.o)
 .data.__malloc_av_
                0x0000000020000440      0x408 /opt/st/stm32cubeide_1.8.0/plugins/com.st.stm32cube.ide.mcu.externaltools.gnu-tools-for-stm32.9-2020-q2-update.linux64_2.0.0.202105311346/tools/bin/../lib/gcc/arm-none-eabi/9.3.1/../../../../arm-none-eabi/lib/thumb/v7e-m+fp/hard/libc.a(lib_a-mallocr.o)
                0x0000000020000440                __malloc_av_
 .data.__malloc_sbrk_base
                0x0000000020000848        0x4 /opt/st/stm32cubeide_1.8.0/plugins/com.st.stm32cube.ide.mcu.externaltools.gnu-tools-for-stm32.9-2020-q2-update.linux64_2.0.0.202105311346/tools/bin/../lib/gcc/arm-none-eabi/9.3.1/../../../../arm-none-eabi/lib/thumb/v7e-m+fp/hard/libc.a(lib_a-mallocr.o)
                0x0000000020000848                __malloc_sbrk_base
 .data.__malloc_trim_threshold
                0x000000002000084c        0x4 /opt/st/stm32cubeide_1.8.0/plugins/com.st.stm32cube.ide.mcu.externaltools.gnu-tools-for-stm32.9-2020-q2-update.linux64_2.0.0.202105311346/tools/bin/../lib/gcc/arm-none-eabi/9.3.1/../../../../arm-none-eabi/lib/thumb/v7e-m+fp/hard/libc.a(lib_a-mallocr.o)
                0x000000002000084c                __malloc_trim_threshold
 .data.__atexit_recursive_mutex
                0x0000000020000850        0x4 /opt/st/stm32cubeide_1.8.0/plugins/com.st.stm32cube.ide.mcu.externaltools.gnu-tools-for-stm32.9-2020-q2-update.linux64_2.0.0.202105311346/tools/bin/../lib/gcc/arm-none-eabi/9.3.1/../../../../arm-none-eabi/lib/thumb/v7e-m+fp/hard/libc.a(lib_a-__call_atexit.o)
                0x0000000020000850                __atexit_recursive_mutex
 *(.RamFunc)
 *(.RamFunc*)
                0x0000000020000854                . = ALIGN (0x4)
                0x0000000020000854                _edata = .
                0x000000000800b688                _siccmram = LOADADDR (.ccmram)

.igot.plt       0x0000000020000854        0x0 load address 0x000000000800b688
 .igot.plt      0x0000000020000854        0x0 /opt/st/stm32cubeide_1.8.0/plugins/com.st.stm32cube.ide.mcu.externaltools.gnu-tools-for-stm32.9-2020-q2-update.linux64_2.0.0.202105311346/tools/bin/../lib/gcc/arm-none-eabi/9.3.1/thumb/v7e-m+fp/hard/crtbegin.o

.ccmram         0x0000000010000000        0x0 load address 0x000000000800b688
                0x0000000010000000                . = ALIGN (0x4)
                0x0000000010000000                _sccmram = .
 *(.ccmram)
 *(.ccmram*)
                0x0000000010000000                . = ALIGN (0x4)
                0x0000000010000000                _eccmram = .
                0x0000000010000000                . = ALIGN (0x4)

.bss            0x0000000020000858     0x8ffc
                0x0000000020000858                _sbss = .
                0x0000000020000858                __bss_start__ = _sbss
 *(.bss)
 .bss           0x0000000020000858       0x1c /opt/st/stm32cubeide_1.8.0/plugins/com.st.stm32cube.ide.mcu.externaltools.gnu-tools-for-stm32.9-2020-q2-update.linux64_2.0.0.202105311346/tools/bin/../lib/gcc/arm-none-eabi/9.3.1/thumb/v7e-m+fp/hard/crtbegin.o
 *(.bss*)
 *fill*         0x0000000020000874        0x4 
 .bss.xIdleTaskTCBBuffer
                0x0000000020000878      0x480 ./Core/Src/freertos.o
 .bss.xIdleStack
                0x0000000020000cf8      0x200 ./Core/Src/freertos.o
 .bss.__sbrk_heap_end
                0x0000000020000ef8        0x4 ./Core/Src/sysmem.o
 .bss.__lock___atexit_recursive_mutex
                0x0000000020000efc        0x1 ./Core/ThreadSafe/newlib_lock_glue.o
                0x0000000020000efc                __lock___atexit_recursive_mutex
 *fill*         0x0000000020000efd        0x3 
 .bss.__lock___malloc_recursive_mutex
                0x0000000020000f00        0x1 ./Core/ThreadSafe/newlib_lock_glue.o
                0x0000000020000f00                __lock___malloc_recursive_mutex
 *fill*         0x0000000020000f01        0x3 
 .bss.SDQueueID
                0x0000000020000f04        0x4 ./FATFS/Target/sd_diskio.o
 .bss.disk      0x0000000020000f08        0xc ./Middlewares/Third_Party/FatFs/src/ff_gen_drv.o
                0x0000000020000f08                disk
 .bss.pxCurrentTCB
                0x0000000020000f14        0x4 ./Middlewares/Third_Party/FreeRTOS/Source/tasks.o
                0x0000000020000f14                pxCurrentTCB
 .bss.pxReadyTasksLists
                0x0000000020000f18       0x8c ./Middlewares/Third_Party/FreeRTOS/Source/tasks.o
 .bss.xDelayedTaskList1
                0x0000000020000fa4       0x14 ./Middlewares/Third_Party/FreeRTOS/Source/tasks.o
 .bss.xDelayedTaskList2
                0x0000000020000fb8       0x14 ./Middlewares/Third_Party/FreeRTOS/Source/tasks.o
 .bss.pxDelayedTaskList
                0x0000000020000fcc        0x4 ./Middlewares/Third_Party/FreeRTOS/Source/tasks.o
 .bss.pxOverflowDelayedTaskList
                0x0000000020000fd0        0x4 ./Middlewares/Third_Party/FreeRTOS/Source/tasks.o
 .bss.xPendingReadyList
                0x0000000020000fd4       0x14 ./Middlewares/Third_Party/FreeRTOS/Source/tasks.o
 .bss.xTasksWaitingTermination
                0x0000000020000fe8       0x14 ./Middlewares/Third_Party/FreeRTOS/Source/tasks.o
 .bss.uxDeletedTasksWaitingCleanUp
                0x0000000020000ffc        0x4 ./Middlewares/Third_Party/FreeRTOS/Source/tasks.o
 .bss.xSuspendedTaskList
                0x0000000020001000       0x14 ./Middlewares/Third_Party/FreeRTOS/Source/tasks.o
 .bss.uxCurrentNumberOfTasks
                0x0000000020001014        0x4 ./Middlewares/Third_Party/FreeRTOS/Source/tasks.o
 .bss.xTickCount
                0x0000000020001018        0x4 ./Middlewares/Third_Party/FreeRTOS/Source/tasks.o
 .bss.uxTopReadyPriority
                0x000000002000101c        0x4 ./Middlewares/Third_Party/FreeRTOS/Source/tasks.o
 .bss.xSchedulerRunning
                0x0000000020001020        0x4 ./Middlewares/Third_Party/FreeRTOS/Source/tasks.o
 .bss.xPendedTicks
                0x0000000020001024        0x4 ./Middlewares/Third_Party/FreeRTOS/Source/tasks.o
 .bss.xYieldPending
                0x0000000020001028        0x4 ./Middlewares/Third_Party/FreeRTOS/Source/tasks.o
 .bss.xNumOfOverflows
                0x000000002000102c        0x4 ./Middlewares/Third_Party/FreeRTOS/Source/tasks.o
 .bss.uxTaskNumber
                0x0000000020001030        0x4 ./Middlewares/Third_Party/FreeRTOS/Source/tasks.o
 .bss.xNextTaskUnblockTime
                0x0000000020001034        0x4 ./Middlewares/Third_Party/FreeRTOS/Source/tasks.o
 .bss.xIdleTaskHandle
                0x0000000020001038        0x4 ./Middlewares/Third_Party/FreeRTOS/Source/tasks.o
 .bss.uxSchedulerSuspended
                0x000000002000103c        0x4 ./Middlewares/Third_Party/FreeRTOS/Source/tasks.o
 .bss.ucMaxSysCallPriority
                0x0000000020001040        0x1 ./Middlewares/Third_Party/FreeRTOS/Source/portable/GCC/ARM_CM4F/port.o
 *fill*         0x0000000020001041        0x3 
 .bss.ulMaxPRIGROUPValue
                0x0000000020001044        0x4 ./Middlewares/Third_Party/FreeRTOS/Source/portable/GCC/ARM_CM4F/port.o
 .bss.ucHeap    0x0000000020001048     0x8000 ./Middlewares/Third_Party/FreeRTOS/Source/portable/MemMang/heap_4.o
 .bss.xStart    0x0000000020009048        0x8 ./Middlewares/Third_Party/FreeRTOS/Source/portable/MemMang/heap_4.o
 .bss.pxEnd     0x0000000020009050        0x4 ./Middlewares/Third_Party/FreeRTOS/Source/portable/MemMang/heap_4.o
 .bss.xFreeBytesRemaining
                0x0000000020009054        0x4 ./Middlewares/Third_Party/FreeRTOS/Source/portable/MemMang/heap_4.o
 .bss.xMinimumEverFreeBytesRemaining
                0x0000000020009058        0x4 ./Middlewares/Third_Party/FreeRTOS/Source/portable/MemMang/heap_4.o
 .bss.xNumberOfSuccessfulAllocations
                0x000000002000905c        0x4 ./Middlewares/Third_Party/FreeRTOS/Source/portable/MemMang/heap_4.o
 .bss.xNumberOfSuccessfulFrees
                0x0000000020009060        0x4 ./Middlewares/Third_Party/FreeRTOS/Source/portable/MemMang/heap_4.o
 .bss.xBlockAllocatedBit
                0x0000000020009064        0x4 ./Middlewares/Third_Party/FreeRTOS/Source/portable/MemMang/heap_4.o
 .bss.__malloc_current_mallinfo
                0x0000000020009068       0x28 /opt/st/stm32cubeide_1.8.0/plugins/com.st.stm32cube.ide.mcu.externaltools.gnu-tools-for-stm32.9-2020-q2-update.linux64_2.0.0.202105311346/tools/bin/../lib/gcc/arm-none-eabi/9.3.1/../../../../arm-none-eabi/lib/thumb/v7e-m+fp/hard/libc.a(lib_a-mallocr.o)
                0x0000000020009068                __malloc_current_mallinfo
 .bss.__malloc_top_pad
                0x0000000020009090        0x4 /opt/st/stm32cubeide_1.8.0/plugins/com.st.stm32cube.ide.mcu.externaltools.gnu-tools-for-stm32.9-2020-q2-update.linux64_2.0.0.202105311346/tools/bin/../lib/gcc/arm-none-eabi/9.3.1/../../../../arm-none-eabi/lib/thumb/v7e-m+fp/hard/libc.a(lib_a-mallocr.o)
                0x0000000020009090                __malloc_top_pad
 *(COMMON)
 COMMON         0x0000000020009094       0x58 ./Core/Src/UJI/SecondMain.o
                0x0000000020009094                ADCvalues
 COMMON         0x00000000200090ec      0x2ac ./Core/Src/main.o
                0x00000000200090ec                defaultTaskHandle
                0x00000000200090f0                hspi2
                0x0000000020009148                huart3
                0x000000002000918c                hcrc
                0x0000000020009194                hadc1
                0x00000000200091dc                hdac
                0x00000000200091f0                hdma_adc1
                0x0000000020009250                hsd
                0x00000000200092d4                huart6
                0x0000000020009318                hspi1
                0x0000000020009370                hcan1
 COMMON         0x0000000020009398       0x48 ./Core/Src/stm32f4xx_hal_timebase_tim.o
                0x0000000020009398                htim6
 COMMON         0x00000000200093e0        0x4 ./Drivers/STM32F4xx_HAL_Driver/Src/stm32f4xx_hal.o
                0x00000000200093e0                uwTick
 COMMON         0x00000000200093e4      0x46c ./FATFS/App/fatfs.o
                0x00000000200093e4                retSD
                0x00000000200093e8                SDPath
                0x00000000200093ec                SDFile
                0x000000002000961c                SDFatFS
 COMMON         0x0000000020009850        0x4 /opt/st/stm32cubeide_1.8.0/plugins/com.st.stm32cube.ide.mcu.externaltools.gnu-tools-for-stm32.9-2020-q2-update.linux64_2.0.0.202105311346/tools/bin/../lib/gcc/arm-none-eabi/9.3.1/../../../../arm-none-eabi/lib/thumb/v7e-m+fp/hard/libc.a(lib_a-reent.o)
                0x0000000020009850                errno
                0x0000000020009854                . = ALIGN (0x4)
                0x0000000020009854                _ebss = .
                0x0000000020009854                __bss_end__ = _ebss

._user_heap_stack
                0x0000000020009854      0x604
                0x0000000020009858                . = ALIGN (0x8)
 *fill*         0x0000000020009854        0x4 
                [!provide]                        PROVIDE (end = .)
                0x0000000020009858                PROVIDE (_end = .)
                0x0000000020009a58                . = (. + _Min_Heap_Size)
 *fill*         0x0000000020009858      0x200 
                0x0000000020009e58                . = (. + _Min_Stack_Size)
 *fill*         0x0000000020009a58      0x400 
                0x0000000020009e58                . = ALIGN (0x8)

/DISCARD/
 libc.a(*)
 libm.a(*)
 libgcc.a(*)

.ARM.attributes
                0x0000000000000000       0x30
 *(.ARM.attributes)
 .ARM.attributes
                0x0000000000000000       0x1e /opt/st/stm32cubeide_1.8.0/plugins/com.st.stm32cube.ide.mcu.externaltools.gnu-tools-for-stm32.9-2020-q2-update.linux64_2.0.0.202105311346/tools/bin/../lib/gcc/arm-none-eabi/9.3.1/thumb/v7e-m+fp/hard/crti.o
 .ARM.attributes
                0x000000000000001e       0x34 /opt/st/stm32cubeide_1.8.0/plugins/com.st.stm32cube.ide.mcu.externaltools.gnu-tools-for-stm32.9-2020-q2-update.linux64_2.0.0.202105311346/tools/bin/../lib/gcc/arm-none-eabi/9.3.1/thumb/v7e-m+fp/hard/crtbegin.o
 .ARM.attributes
                0x0000000000000052       0x34 ./Core/Src/UJI/SecondMain.o
 .ARM.attributes
                0x0000000000000086       0x34 ./Core/Src/UJI/UMLib.o
 .ARM.attributes
                0x00000000000000ba       0x34 ./Core/Src/freertos.o
 .ARM.attributes
                0x00000000000000ee       0x34 ./Core/Src/main.o
 .ARM.attributes
                0x0000000000000122       0x34 ./Core/Src/stm32f4xx_hal_msp.o
 .ARM.attributes
                0x0000000000000156       0x34 ./Core/Src/stm32f4xx_hal_timebase_tim.o
 .ARM.attributes
                0x000000000000018a       0x34 ./Core/Src/stm32f4xx_it.o
 .ARM.attributes
                0x00000000000001be       0x34 ./Core/Src/sysmem.o
 .ARM.attributes
                0x00000000000001f2       0x34 ./Core/Src/system_stm32f4xx.o
 .ARM.attributes
                0x0000000000000226       0x21 ./Core/Startup/startup_stm32f407vgtx.o
 .ARM.attributes
                0x0000000000000247       0x34 ./Core/ThreadSafe/newlib_lock_glue.o
 .ARM.attributes
                0x000000000000027b       0x34 ./Drivers/STM32F4xx_HAL_Driver/Src/stm32f4xx_hal.o
 .ARM.attributes
                0x00000000000002af       0x34 ./Drivers/STM32F4xx_HAL_Driver/Src/stm32f4xx_hal_adc.o
 .ARM.attributes
                0x00000000000002e3       0x34 ./Drivers/STM32F4xx_HAL_Driver/Src/stm32f4xx_hal_can.o
 .ARM.attributes
                0x0000000000000317       0x34 ./Drivers/STM32F4xx_HAL_Driver/Src/stm32f4xx_hal_cortex.o
 .ARM.attributes
                0x000000000000034b       0x34 ./Drivers/STM32F4xx_HAL_Driver/Src/stm32f4xx_hal_crc.o
 .ARM.attributes
                0x000000000000037f       0x34 ./Drivers/STM32F4xx_HAL_Driver/Src/stm32f4xx_hal_dac.o
 .ARM.attributes
                0x00000000000003b3       0x34 ./Drivers/STM32F4xx_HAL_Driver/Src/stm32f4xx_hal_dac_ex.o
 .ARM.attributes
                0x00000000000003e7       0x34 ./Drivers/STM32F4xx_HAL_Driver/Src/stm32f4xx_hal_dma.o
 .ARM.attributes
                0x000000000000041b       0x34 ./Drivers/STM32F4xx_HAL_Driver/Src/stm32f4xx_hal_gpio.o
 .ARM.attributes
                0x000000000000044f       0x34 ./Drivers/STM32F4xx_HAL_Driver/Src/stm32f4xx_hal_rcc.o
 .ARM.attributes
                0x0000000000000483       0x34 ./Drivers/STM32F4xx_HAL_Driver/Src/stm32f4xx_hal_sd.o
 .ARM.attributes
                0x00000000000004b7       0x34 ./Drivers/STM32F4xx_HAL_Driver/Src/stm32f4xx_hal_spi.o
 .ARM.attributes
                0x00000000000004eb       0x34 ./Drivers/STM32F4xx_HAL_Driver/Src/stm32f4xx_hal_tim.o
 .ARM.attributes
                0x000000000000051f       0x34 ./Drivers/STM32F4xx_HAL_Driver/Src/stm32f4xx_hal_tim_ex.o
 .ARM.attributes
                0x0000000000000553       0x34 ./Drivers/STM32F4xx_HAL_Driver/Src/stm32f4xx_hal_uart.o
 .ARM.attributes
                0x0000000000000587       0x34 ./Drivers/STM32F4xx_HAL_Driver/Src/stm32f4xx_ll_sdmmc.o
 .ARM.attributes
                0x00000000000005bb       0x34 ./FATFS/App/fatfs.o
 .ARM.attributes
                0x00000000000005ef       0x34 ./FATFS/Target/bsp_driver_sd.o
 .ARM.attributes
                0x0000000000000623       0x34 ./FATFS/Target/fatfs_platform.o
 .ARM.attributes
                0x0000000000000657       0x34 ./FATFS/Target/sd_diskio.o
 .ARM.attributes
                0x000000000000068b       0x34 ./Middlewares/Third_Party/FatFs/src/ff_gen_drv.o
 .ARM.attributes
                0x00000000000006bf       0x34 ./Middlewares/Third_Party/FreeRTOS/Source/CMSIS_RTOS/cmsis_os.o
 .ARM.attributes
                0x00000000000006f3       0x34 ./Middlewares/Third_Party/FreeRTOS/Source/list.o
 .ARM.attributes
                0x0000000000000727       0x34 ./Middlewares/Third_Party/FreeRTOS/Source/queue.o
 .ARM.attributes
                0x000000000000075b       0x34 ./Middlewares/Third_Party/FreeRTOS/Source/tasks.o
 .ARM.attributes
                0x000000000000078f       0x34 ./Middlewares/Third_Party/FreeRTOS/Source/portable/GCC/ARM_CM4F/port.o
 .ARM.attributes
                0x00000000000007c3       0x34 ./Middlewares/Third_Party/FreeRTOS/Source/portable/MemMang/heap_4.o
 .ARM.attributes
                0x00000000000007f7       0x34 /opt/st/stm32cubeide_1.8.0/plugins/com.st.stm32cube.ide.mcu.externaltools.gnu-tools-for-stm32.9-2020-q2-update.linux64_2.0.0.202105311346/tools/bin/../lib/gcc/arm-none-eabi/9.3.1/../../../../arm-none-eabi/lib/thumb/v7e-m+fp/hard/libc.a(lib_a-errno.o)
 .ARM.attributes
                0x000000000000082b       0x32 /opt/st/stm32cubeide_1.8.0/plugins/com.st.stm32cube.ide.mcu.externaltools.gnu-tools-for-stm32.9-2020-q2-update.linux64_2.0.0.202105311346/tools/bin/../lib/gcc/arm-none-eabi/9.3.1/../../../../arm-none-eabi/lib/thumb/v7e-m+fp/hard/libc.a(lib_a-impure.o)
 .ARM.attributes
                0x000000000000085d       0x34 /opt/st/stm32cubeide_1.8.0/plugins/com.st.stm32cube.ide.mcu.externaltools.gnu-tools-for-stm32.9-2020-q2-update.linux64_2.0.0.202105311346/tools/bin/../lib/gcc/arm-none-eabi/9.3.1/../../../../arm-none-eabi/lib/thumb/v7e-m+fp/hard/libc.a(lib_a-init.o)
 .ARM.attributes
                0x0000000000000891       0x34 /opt/st/stm32cubeide_1.8.0/plugins/com.st.stm32cube.ide.mcu.externaltools.gnu-tools-for-stm32.9-2020-q2-update.linux64_2.0.0.202105311346/tools/bin/../lib/gcc/arm-none-eabi/9.3.1/../../../../arm-none-eabi/lib/thumb/v7e-m+fp/hard/libc.a(lib_a-mallocr.o)
 .ARM.attributes
                0x00000000000008c5       0x34 /opt/st/stm32cubeide_1.8.0/plugins/com.st.stm32cube.ide.mcu.externaltools.gnu-tools-for-stm32.9-2020-q2-update.linux64_2.0.0.202105311346/tools/bin/../lib/gcc/arm-none-eabi/9.3.1/../../../../arm-none-eabi/lib/thumb/v7e-m+fp/hard/libc.a(lib_a-memcpy-stub.o)
 .ARM.attributes
                0x00000000000008f9       0x34 /opt/st/stm32cubeide_1.8.0/plugins/com.st.stm32cube.ide.mcu.externaltools.gnu-tools-for-stm32.9-2020-q2-update.linux64_2.0.0.202105311346/tools/bin/../lib/gcc/arm-none-eabi/9.3.1/../../../../arm-none-eabi/lib/thumb/v7e-m+fp/hard/libc.a(lib_a-memset.o)
 .ARM.attributes
                0x000000000000092d       0x34 /opt/st/stm32cubeide_1.8.0/plugins/com.st.stm32cube.ide.mcu.externaltools.gnu-tools-for-stm32.9-2020-q2-update.linux64_2.0.0.202105311346/tools/bin/../lib/gcc/arm-none-eabi/9.3.1/../../../../arm-none-eabi/lib/thumb/v7e-m+fp/hard/libc.a(lib_a-mlock.o)
 .ARM.attributes
                0x0000000000000961       0x34 /opt/st/stm32cubeide_1.8.0/plugins/com.st.stm32cube.ide.mcu.externaltools.gnu-tools-for-stm32.9-2020-q2-update.linux64_2.0.0.202105311346/tools/bin/../lib/gcc/arm-none-eabi/9.3.1/../../../../arm-none-eabi/lib/thumb/v7e-m+fp/hard/libc.a(lib_a-reent.o)
 .ARM.attributes
                0x0000000000000995       0x34 /opt/st/stm32cubeide_1.8.0/plugins/com.st.stm32cube.ide.mcu.externaltools.gnu-tools-for-stm32.9-2020-q2-update.linux64_2.0.0.202105311346/tools/bin/../lib/gcc/arm-none-eabi/9.3.1/../../../../arm-none-eabi/lib/thumb/v7e-m+fp/hard/libc.a(lib_a-sbrkr.o)
 .ARM.attributes
                0x00000000000009c9       0x34 /opt/st/stm32cubeide_1.8.0/plugins/com.st.stm32cube.ide.mcu.externaltools.gnu-tools-for-stm32.9-2020-q2-update.linux64_2.0.0.202105311346/tools/bin/../lib/gcc/arm-none-eabi/9.3.1/../../../../arm-none-eabi/lib/thumb/v7e-m+fp/hard/libc.a(lib_a-sysconf.o)
 .ARM.attributes
                0x00000000000009fd       0x34 /opt/st/stm32cubeide_1.8.0/plugins/com.st.stm32cube.ide.mcu.externaltools.gnu-tools-for-stm32.9-2020-q2-update.linux64_2.0.0.202105311346/tools/bin/../lib/gcc/arm-none-eabi/9.3.1/../../../../arm-none-eabi/lib/thumb/v7e-m+fp/hard/libc.a(lib_a-__call_atexit.o)
 .ARM.attributes
                0x0000000000000a31       0x34 /opt/st/stm32cubeide_1.8.0/plugins/com.st.stm32cube.ide.mcu.externaltools.gnu-tools-for-stm32.9-2020-q2-update.linux64_2.0.0.202105311346/tools/bin/../lib/gcc/arm-none-eabi/9.3.1/../../../../arm-none-eabi/lib/thumb/v7e-m+fp/hard/libc.a(lib_a-atexit.o)
 .ARM.attributes
                0x0000000000000a65       0x34 /opt/st/stm32cubeide_1.8.0/plugins/com.st.stm32cube.ide.mcu.externaltools.gnu-tools-for-stm32.9-2020-q2-update.linux64_2.0.0.202105311346/tools/bin/../lib/gcc/arm-none-eabi/9.3.1/../../../../arm-none-eabi/lib/thumb/v7e-m+fp/hard/libc.a(lib_a-fini.o)
 .ARM.attributes
                0x0000000000000a99       0x34 /opt/st/stm32cubeide_1.8.0/plugins/com.st.stm32cube.ide.mcu.externaltools.gnu-tools-for-stm32.9-2020-q2-update.linux64_2.0.0.202105311346/tools/bin/../lib/gcc/arm-none-eabi/9.3.1/../../../../arm-none-eabi/lib/thumb/v7e-m+fp/hard/libc.a(lib_a-freer.o)
 .ARM.attributes
                0x0000000000000acd       0x34 /opt/st/stm32cubeide_1.8.0/plugins/com.st.stm32cube.ide.mcu.externaltools.gnu-tools-for-stm32.9-2020-q2-update.linux64_2.0.0.202105311346/tools/bin/../lib/gcc/arm-none-eabi/9.3.1/../../../../arm-none-eabi/lib/thumb/v7e-m+fp/hard/libc.a(lib_a-__atexit.o)
 .ARM.attributes
                0x0000000000000b01       0x1e /opt/st/stm32cubeide_1.8.0/plugins/com.st.stm32cube.ide.mcu.externaltools.gnu-tools-for-stm32.9-2020-q2-update.linux64_2.0.0.202105311346/tools/bin/../lib/gcc/arm-none-eabi/9.3.1/thumb/v7e-m+fp/hard/libgcc.a(_aeabi_uldivmod.o)
 .ARM.attributes
                0x0000000000000b1f       0x34 /opt/st/stm32cubeide_1.8.0/plugins/com.st.stm32cube.ide.mcu.externaltools.gnu-tools-for-stm32.9-2020-q2-update.linux64_2.0.0.202105311346/tools/bin/../lib/gcc/arm-none-eabi/9.3.1/thumb/v7e-m+fp/hard/libgcc.a(_udivmoddi4.o)
 .ARM.attributes
                0x0000000000000b53       0x1e /opt/st/stm32cubeide_1.8.0/plugins/com.st.stm32cube.ide.mcu.externaltools.gnu-tools-for-stm32.9-2020-q2-update.linux64_2.0.0.202105311346/tools/bin/../lib/gcc/arm-none-eabi/9.3.1/thumb/v7e-m+fp/hard/libgcc.a(_dvmd_tls.o)
 .ARM.attributes
                0x0000000000000b71       0x1e /opt/st/stm32cubeide_1.8.0/plugins/com.st.stm32cube.ide.mcu.externaltools.gnu-tools-for-stm32.9-2020-q2-update.linux64_2.0.0.202105311346/tools/bin/../lib/gcc/arm-none-eabi/9.3.1/thumb/v7e-m+fp/hard/crtn.o
OUTPUT(UJIMotorsport.elf elf32-littlearm)
LOAD linker stubs