main.c:94:5:main	48	static
main.c:178:6:SystemClock_Config	88	static
main.c:222:13:MX_ADC1_Init	24	static
main.c:352:13:MX_CAN1_Init	8	static
main.c:389:13:MX_CRC_Init	8	static
main.c:415:13:MX_DAC_Init	16	static
main.c:453:13:MX_SDIO_SD_Init	4	static
main.c:481:13:MX_SPI1_Init	8	static
main.c:519:13:MX_SPI2_Init	8	static
main.c:557:13:MX_USART3_UART_Init	8	static
main.c:590:13:MX_USART6_UART_Init	8	static
main.c:621:13:MX_DMA_Init	16	static
main.c:639:13:MX_GPIO_Init	56	static
main.c:759:6:StartDefaultTask	16	static
main.c:778:6:HAL_TIM_PeriodElapsedCallback	16	static
main.c:795:6:Error_Handler	4	static,ignoring_inline_asm
main.c:815:6:assert_failed	16	static,ignoring_inline_asm
