main.c:90:5:main	48	static
main.c:173:6:SystemClock_Config	88	static
main.c:216:13:MX_NVIC_Init	8	static
main.c:228:13:MX_ADC1_Init	24	static
main.c:358:13:MX_CAN1_Init	8	static
main.c:395:13:MX_CRC_Init	8	static
main.c:421:13:MX_DAC_Init	16	static
main.c:459:13:MX_SPI1_Init	8	static
main.c:497:13:MX_SPI2_Init	8	static
main.c:535:13:MX_USART3_UART_Init	8	static
main.c:568:13:MX_USART6_UART_Init	8	static
main.c:601:13:MX_GPIO_Init	56	static
main.c:721:6:StartDefaultTask	16	static
main.c:740:6:HAL_TIM_PeriodElapsedCallback	16	static
main.c:757:6:Error_Handler	4	static,ignoring_inline_asm
